Archive member included to satisfy reference by file (symbol)

c:/st/stm32cubeide_1.10.1/stm32cubeide/plugins/com.st.stm32cube.ide.mcu.externaltools.gnu-tools-for-stm32.10.3-2021.10.win32_1.0.0.202111181127/tools/bin/../lib/gcc/arm-none-eabi/10.3.1/../../../../arm-none-eabi/lib/thumb/v7-m/nofp\libc_nano.a(lib_a-errno.o)
                              ./Core/Src/syscalls.o (__errno)
c:/st/stm32cubeide_1.10.1/stm32cubeide/plugins/com.st.stm32cube.ide.mcu.externaltools.gnu-tools-for-stm32.10.3-2021.10.win32_1.0.0.202111181127/tools/bin/../lib/gcc/arm-none-eabi/10.3.1/../../../../arm-none-eabi/lib/thumb/v7-m/nofp\libc_nano.a(lib_a-exit.o)
                              c:/st/stm32cubeide_1.10.1/stm32cubeide/plugins/com.st.stm32cube.ide.mcu.externaltools.gnu-tools-for-stm32.10.3-2021.10.win32_1.0.0.202111181127/tools/bin/../lib/gcc/arm-none-eabi/10.3.1/../../../../arm-none-eabi/lib/thumb/v7-m/nofp/crt0.o (exit)
c:/st/stm32cubeide_1.10.1/stm32cubeide/plugins/com.st.stm32cube.ide.mcu.externaltools.gnu-tools-for-stm32.10.3-2021.10.win32_1.0.0.202111181127/tools/bin/../lib/gcc/arm-none-eabi/10.3.1/../../../../arm-none-eabi/lib/thumb/v7-m/nofp\libc_nano.a(lib_a-impure.o)
                              c:/st/stm32cubeide_1.10.1/stm32cubeide/plugins/com.st.stm32cube.ide.mcu.externaltools.gnu-tools-for-stm32.10.3-2021.10.win32_1.0.0.202111181127/tools/bin/../lib/gcc/arm-none-eabi/10.3.1/../../../../arm-none-eabi/lib/thumb/v7-m/nofp\libc_nano.a(lib_a-exit.o) (_global_impure_ptr)
c:/st/stm32cubeide_1.10.1/stm32cubeide/plugins/com.st.stm32cube.ide.mcu.externaltools.gnu-tools-for-stm32.10.3-2021.10.win32_1.0.0.202111181127/tools/bin/../lib/gcc/arm-none-eabi/10.3.1/../../../../arm-none-eabi/lib/thumb/v7-m/nofp\libc_nano.a(lib_a-init.o)
                              c:/st/stm32cubeide_1.10.1/stm32cubeide/plugins/com.st.stm32cube.ide.mcu.externaltools.gnu-tools-for-stm32.10.3-2021.10.win32_1.0.0.202111181127/tools/bin/../lib/gcc/arm-none-eabi/10.3.1/../../../../arm-none-eabi/lib/thumb/v7-m/nofp/crt0.o (__libc_init_array)
c:/st/stm32cubeide_1.10.1/stm32cubeide/plugins/com.st.stm32cube.ide.mcu.externaltools.gnu-tools-for-stm32.10.3-2021.10.win32_1.0.0.202111181127/tools/bin/../lib/gcc/arm-none-eabi/10.3.1/../../../../arm-none-eabi/lib/thumb/v7-m/nofp\libc_nano.a(lib_a-memset.o)
                              c:/st/stm32cubeide_1.10.1/stm32cubeide/plugins/com.st.stm32cube.ide.mcu.externaltools.gnu-tools-for-stm32.10.3-2021.10.win32_1.0.0.202111181127/tools/bin/../lib/gcc/arm-none-eabi/10.3.1/../../../../arm-none-eabi/lib/thumb/v7-m/nofp/crt0.o (memset)
c:/st/stm32cubeide_1.10.1/stm32cubeide/plugins/com.st.stm32cube.ide.mcu.externaltools.gnu-tools-for-stm32.10.3-2021.10.win32_1.0.0.202111181127/tools/bin/../lib/gcc/arm-none-eabi/10.3.1/../../../../arm-none-eabi/lib/thumb/v7-m/nofp\libc_nano.a(lib_a-sprintf.o)
                              ./Core/Src/Alarm.o (sprintf)
c:/st/stm32cubeide_1.10.1/stm32cubeide/plugins/com.st.stm32cube.ide.mcu.externaltools.gnu-tools-for-stm32.10.3-2021.10.win32_1.0.0.202111181127/tools/bin/../lib/gcc/arm-none-eabi/10.3.1/../../../../arm-none-eabi/lib/thumb/v7-m/nofp\libc_nano.a(lib_a-strlen.o)
                              ./Core/Src/LCD_1602.o (strlen)
c:/st/stm32cubeide_1.10.1/stm32cubeide/plugins/com.st.stm32cube.ide.mcu.externaltools.gnu-tools-for-stm32.10.3-2021.10.win32_1.0.0.202111181127/tools/bin/../lib/gcc/arm-none-eabi/10.3.1/../../../../arm-none-eabi/lib/thumb/v7-m/nofp\libc_nano.a(lib_a-nano-svfprintf.o)
                              c:/st/stm32cubeide_1.10.1/stm32cubeide/plugins/com.st.stm32cube.ide.mcu.externaltools.gnu-tools-for-stm32.10.3-2021.10.win32_1.0.0.202111181127/tools/bin/../lib/gcc/arm-none-eabi/10.3.1/../../../../arm-none-eabi/lib/thumb/v7-m/nofp\libc_nano.a(lib_a-sprintf.o) (_svfprintf_r)
c:/st/stm32cubeide_1.10.1/stm32cubeide/plugins/com.st.stm32cube.ide.mcu.externaltools.gnu-tools-for-stm32.10.3-2021.10.win32_1.0.0.202111181127/tools/bin/../lib/gcc/arm-none-eabi/10.3.1/../../../../arm-none-eabi/lib/thumb/v7-m/nofp\libc_nano.a(lib_a-nano-vfprintf_i.o)
                              c:/st/stm32cubeide_1.10.1/stm32cubeide/plugins/com.st.stm32cube.ide.mcu.externaltools.gnu-tools-for-stm32.10.3-2021.10.win32_1.0.0.202111181127/tools/bin/../lib/gcc/arm-none-eabi/10.3.1/../../../../arm-none-eabi/lib/thumb/v7-m/nofp\libc_nano.a(lib_a-nano-svfprintf.o) (_printf_i)
c:/st/stm32cubeide_1.10.1/stm32cubeide/plugins/com.st.stm32cube.ide.mcu.externaltools.gnu-tools-for-stm32.10.3-2021.10.win32_1.0.0.202111181127/tools/bin/../lib/gcc/arm-none-eabi/10.3.1/../../../../arm-none-eabi/lib/thumb/v7-m/nofp\libc_nano.a(lib_a-memchr-stub.o)
                              c:/st/stm32cubeide_1.10.1/stm32cubeide/plugins/com.st.stm32cube.ide.mcu.externaltools.gnu-tools-for-stm32.10.3-2021.10.win32_1.0.0.202111181127/tools/bin/../lib/gcc/arm-none-eabi/10.3.1/../../../../arm-none-eabi/lib/thumb/v7-m/nofp\libc_nano.a(lib_a-nano-svfprintf.o) (memchr)
[...]
Memory Configuration

Name             Origin             Length             Attributes
RAM              0x0000000020000000 0x0000000000005000 xrw
FLASH            0x0000000008000000 0x0000000000010000 xr
*default*        0x0000000000000000 0xffffffffffffffff

Linker script and memory map

LOAD c:/st/stm32cubeide_1.10.1/stm32cubeide/plugins/com.st.stm32cube.ide.mcu.externaltools.gnu-tools-for-stm32.10.3-2021.10.win32_1.0.0.202111181127/tools/bin/../lib/gcc/arm-none-eabi/10.3.1/thumb/v7-m/nofp/crti.o
LOAD c:/st/stm32cubeide_1.10.1/stm32cubeide/plugins/com.st.stm32cube.ide.mcu.externaltools.gnu-tools-for-stm32.10.3-2021.10.win32_1.0.0.202111181127/tools/bin/../lib/gcc/arm-none-eabi/10.3.1/thumb/v7-m/nofp/crtbegin.o
LOAD c:/st/stm32cubeide_1.10.1/stm32cubeide/plugins/com.st.stm32cube.ide.mcu.externaltools.gnu-tools-for-stm32.10.3-2021.10.win32_1.0.0.202111181127/tools/bin/../lib/gcc/arm-none-eabi/10.3.1/../../../../arm-none-eabi/lib/thumb/v7-m/nofp/crt0.o
LOAD ./Core/Src/Alarm.o
LOAD ./Core/Src/DHT11_library.o
LOAD ./Core/Src/Delay_us.o
LOAD ./Core/Src/LCD_1602.o
LOAD ./Core/Src/Main_menu.o
LOAD ./Core/Src/RTC_library.o
LOAD ./Core/Src/Rotary_encoder.o
LOAD ./Core/Src/main.o
LOAD ./Core/Src/stm32f1xx_hal_msp.o
LOAD ./Core/Src/stm32f1xx_it.o
LOAD ./Core/Src/syscalls.o
LOAD ./Core/Src/sysmem.o
LOAD ./Core/Src/system_stm32f1xx.o
LOAD ./Core/Startup/startup_stm32f103c8tx.o
LOAD ./Drivers/STM32F1xx_HAL_Driver/Src/stm32f1xx_hal.o
LOAD ./Drivers/STM32F1xx_HAL_Driver/Src/stm32f1xx_hal_cortex.o
LOAD ./Drivers/STM32F1xx_HAL_Driver/Src/stm32f1xx_hal_dma.o
LOAD ./Drivers/STM32F1xx_HAL_Driver/Src/stm32f1xx_hal_exti.o
LOAD ./Drivers/STM32F1xx_HAL_Driver/Src/stm32f1xx_hal_flash.o
LOAD ./Drivers/STM32F1xx_HAL_Driver/Src/stm32f1xx_hal_flash_ex.o
LOAD ./Drivers/STM32F1xx_HAL_Driver/Src/stm32f1xx_hal_gpio.o
LOAD ./Drivers/STM32F1xx_HAL_Driver/Src/stm32f1xx_hal_gpio_ex.o
LOAD ./Drivers/STM32F1xx_HAL_Driver/Src/stm32f1xx_hal_i2c.o
LOAD ./Drivers/STM32F1xx_HAL_Driver/Src/stm32f1xx_hal_pwr.o
LOAD ./Drivers/STM32F1xx_HAL_Driver/Src/stm32f1xx_hal_rcc.o
LOAD ./Drivers/STM32F1xx_HAL_Driver/Src/stm32f1xx_hal_rcc_ex.o
LOAD ./Drivers/STM32F1xx_HAL_Driver/Src/stm32f1xx_hal_tim.o
LOAD ./Drivers/STM32F1xx_HAL_Driver/Src/stm32f1xx_hal_tim_ex.o
START GROUP
LOAD c:/st/stm32cubeide_1.10.1/stm32cubeide/plugins/com.st.stm32cube.ide.mcu.externaltools.gnu-tools-for-stm32.10.3-2021.10.win32_1.0.0.202111181127/tools/bin/../lib/gcc/arm-none-eabi/10.3.1/../../../../arm-none-eabi/lib/thumb/v7-m/nofp\libc_nano.a
LOAD c:/st/stm32cubeide_1.10.1/stm32cubeide/plugins/com.st.stm32cube.ide.mcu.externaltools.gnu-tools-for-stm32.10.3-2021.10.win32_1.0.0.202111181127/tools/bin/../lib/gcc/arm-none-eabi/10.3.1/../../../../arm-none-eabi/lib/thumb/v7-m/nofp\libm.a
END GROUP
START GROUP
LOAD c:/st/stm32cubeide_1.10.1/stm32cubeide/plugins/com.st.stm32cube.ide.mcu.externaltools.gnu-tools-for-stm32.10.3-2021.10.win32_1.0.0.202111181127/tools/bin/../lib/gcc/arm-none-eabi/10.3.1/thumb/v7-m/nofp\libgcc.a
LOAD c:/st/stm32cubeide_1.10.1/stm32cubeide/plugins/com.st.stm32cube.ide.mcu.externaltools.gnu-tools-for-stm32.10.3-2021.10.win32_1.0.0.202111181127/tools/bin/../lib/gcc/arm-none-eabi/10.3.1/../../../../arm-none-eabi/lib/thumb/v7-m/nofp\libc_nano.a
END GROUP
START GROUP
LOAD c:/st/stm32cubeide_1.10.1/stm32cubeide/plugins/com.st.stm32cube.ide.mcu.externaltools.gnu-tools-for-stm32.10.3-2021.10.win32_1.0.0.202111181127/tools/bin/../lib/gcc/arm-none-eabi/10.3.1/thumb/v7-m/nofp\libgcc.a
LOAD c:/st/stm32cubeide_1.10.1/stm32cubeide/plugins/com.st.stm32cube.ide.mcu.externaltools.gnu-tools-for-stm32.10.3-2021.10.win32_1.0.0.202111181127/tools/bin/../lib/gcc/arm-none-eabi/10.3.1/../../../../arm-none-eabi/lib/thumb/v7-m/nofp\libc_nano.a
LOAD c:/st/stm32cubeide_1.10.1/stm32cubeide/plugins/com.st.stm32cube.ide.mcu.externaltools.gnu-tools-for-stm32.10.3-2021.10.win32_1.0.0.202111181127/tools/bin/../lib/gcc/arm-none-eabi/10.3.1/../../../../arm-none-eabi/lib/thumb/v7-m/nofp\libnosys.a
END GROUP
START GROUP
LOAD c:/st/stm32cubeide_1.10.1/stm32cubeide/plugins/com.st.stm32cube.ide.mcu.externaltools.gnu-tools-for-stm32.10.3-2021.10.win32_1.0.0.202111181127/tools/bin/../lib/gcc/arm-none-eabi/10.3.1/thumb/v7-m/nofp\libgcc.a
LOAD c:/st/stm32cubeide_1.10.1/stm32cubeide/plugins/com.st.stm32cube.ide.mcu.externaltools.gnu-tools-for-stm32.10.3-2021.10.win32_1.0.0.202111181127/tools/bin/../lib/gcc/arm-none-eabi/10.3.1/../../../../arm-none-eabi/lib/thumb/v7-m/nofp\libc_nano.a
LOAD c:/st/stm32cubeide_1.10.1/stm32cubeide/plugins/com.st.stm32cube.ide.mcu.externaltools.gnu-tools-for-stm32.10.3-2021.10.win32_1.0.0.202111181127/tools/bin/../lib/gcc/arm-none-eabi/10.3.1/../../../../arm-none-eabi/lib/thumb/v7-m/nofp\libnosys.a
END GROUP
LOAD c:/st/stm32cubeide_1.10.1/stm32cubeide/plugins/com.st.stm32cube.ide.mcu.externaltools.gnu-tools-for-stm32.10.3-2021.10.win32_1.0.0.202111181127/tools/bin/../lib/gcc/arm-none-eabi/10.3.1/thumb/v7-m/nofp/crtend.o
LOAD c:/st/stm32cubeide_1.10.1/stm32cubeide/plugins/com.st.stm32cube.ide.mcu.externaltools.gnu-tools-for-stm32.10.3-2021.10.win32_1.0.0.202111181127/tools/bin/../lib/gcc/arm-none-eabi/10.3.1/thumb/v7-m/nofp/crtn.o
                0x0000000020005000                _estack = (ORIGIN (RAM) + LENGTH (RAM))
                0x0000000000000200                _Min_Heap_Size = 0x200
                0x0000000000000400                _Min_Stack_Size = 0x400

.isr_vector     0x0000000008000000      0x10c
                0x0000000008000000                . = ALIGN (0x4)
 *(.isr_vector)
 .isr_vector    0x0000000008000000      0x10c ./Core/Startup/startup_stm32f103c8tx.o
                0x0000000008000000                g_pfnVectors
                0x000000000800010c                . = ALIGN (0x4)

.text           0x000000000800010c     0x4e60
                0x000000000800010c                . = ALIGN (0x4)
 *(.text)
 .text          0x000000000800010c       0x40 c:/st/stm32cubeide_1.10.1/stm32cubeide/plugins/com.st.stm32cube.ide.mcu.externaltools.gnu-tools-for-stm32.10.3-2021.10.win32_1.0.0.202111181127/tools/bin/../lib/gcc/arm-none-eabi/10.3.1/thumb/v7-m/nofp/crtbegin.o
 .text          0x000000000800014c       0x10 c:/st/stm32cubeide_1.10.1/stm32cubeide/plugins/com.st.stm32cube.ide.mcu.externaltools.gnu-tools-for-stm32.10.3-2021.10.win32_1.0.0.202111181127/tools/bin/../lib/gcc/arm-none-eabi/10.3.1/../../../../arm-none-eabi/lib/thumb/v7-m/nofp\libc_nano.a(lib_a-strlen.o)
                0x000000000800014c                strlen
 .text          0x000000000800015c      0x378 c:/st/stm32cubeide_1.10.1/stm32cubeide/plugins/com.st.stm32cube.ide.mcu.externaltools.gnu-tools-for-stm32.10.3-2021.10.win32_1.0.0.202111181127/tools/bin/../lib/gcc/arm-none-eabi/10.3.1/thumb/v7-m/nofp\libgcc.a(_arm_addsubdf3.o)
                0x000000000800015c                __aeabi_drsub
                0x0000000008000164                __aeabi_dsub
                0x0000000008000164                __subdf3
                0x0000000008000168                __aeabi_dadd
                0x0000000008000168                __adddf3
                0x00000000080003e0                __floatunsidf
                0x00000000080003e0                __aeabi_ui2d
                0x0000000008000400                __floatsidf
                0x0000000008000400                __aeabi_i2d
                0x0000000008000424                __aeabi_f2d
                0x0000000008000424                __extendsfdf2
                0x0000000008000468                __floatundidf
                0x0000000008000468                __aeabi_ul2d
                0x0000000008000478                __floatdidf
                0x0000000008000478                __aeabi_l2d
 .text          0x00000000080004d4      0x21c c:/st/stm32cubeide_1.10.1/stm32cubeide/plugins/com.st.stm32cube.ide.mcu.externaltools.gnu-tools-for-stm32.10.3-2021.10.win32_1.0.0.202111181127/tools/bin/../lib/gcc/arm-none-eabi/10.3.1/thumb/v7-m/nofp\libgcc.a(_arm_addsubsf3.o)
                0x00000000080004d4                __aeabi_frsub
                0x00000000080004dc                __subsf3
                0x00000000080004dc                __aeabi_fsub
                0x00000000080004e0                __aeabi_fadd
                0x00000000080004e0                __addsf3
                0x0000000008000640                __aeabi_ui2f
                0x0000000008000640                __floatunsisf
                0x0000000008000648                __aeabi_i2f
                0x0000000008000648                __floatsisf
                0x0000000008000664                __aeabi_ul2f
                0x0000000008000664                __floatundisf
                0x0000000008000674                __aeabi_l2f
                0x0000000008000674                __floatdisf
 .text          0x00000000080006f0       0xec c:/st/stm32cubeide_1.10.1/stm32cubeide/plugins/com.st.stm32cube.ide.mcu.externaltools.gnu-tools-for-stm32.10.3-2021.10.win32_1.0.0.202111181127/tools/bin/../lib/gcc/arm-none-eabi/10.3.1/thumb/v7-m/nofp\libgcc.a(_arm_cmpsf2.o)
                0x00000000080006f0                __gesf2
                0x00000000080006f0                __gtsf2
                0x00000000080006f8                __lesf2
                0x00000000080006f8                __ltsf2
                0x0000000008000700                __nesf2
                0x0000000008000700                __eqsf2
                0x0000000008000700                __cmpsf2
                0x0000000008000760                __aeabi_cfrcmple
                0x0000000008000768                __aeabi_cfcmpeq
                0x0000000008000768                __aeabi_cfcmple
                0x0000000008000778                __aeabi_fcmpeq
                0x000000000800078c                __aeabi_fcmplt
                0x00000000080007a0                __aeabi_fcmple
                0x00000000080007b4                __aeabi_fcmpge
                0x00000000080007c8                __aeabi_fcmpgt
 *(.text*)
 .text.Set_hour_1
                0x00000000080007dc       0xb8 ./Core/Src/Alarm.o
                0x00000000080007dc                Set_hour_1
 .text.Set_hour_2
                0x0000000008000894       0x6c ./Core/Src/Alarm.o
                0x0000000008000894                Set_hour_2
 .text.Set_minute_1
                0x0000000008000900       0xb4 ./Core/Src/Alarm.o
                0x0000000008000900                Set_minute_1
 .text.Set_minute_2
                0x00000000080009b4       0x80 ./Core/Src/Alarm.o
                0x00000000080009b4                Set_minute_2
 .text.Check_alarm
                0x0000000008000a34       0x88 ./Core/Src/Alarm.o
                0x0000000008000a34                Check_alarm
 .text.See_alarm
                0x0000000008000abc       0xdc ./Core/Src/Alarm.o
                0x0000000008000abc                See_alarm
 .text.Display_Humidity
                0x0000000008000b98       0x44 ./Core/Src/DHT11_library.o
                0x0000000008000b98                Display_Humidity
 .text.Display_Temperature
                0x0000000008000bdc       0x50 ./Core/Src/DHT11_library.o
                0x0000000008000bdc                Display_Temperature
 .text.Set_pin_input
                0x0000000008000c2c       0x3e ./Core/Src/DHT11_library.o
                0x0000000008000c2c                Set_pin_input
 .text.Set_pin_output
                0x0000000008000c6a       0x3e ./Core/Src/DHT11_library.o
                0x0000000008000c6a                Set_pin_output
 .text.MCU_Signal
                0x0000000008000ca8       0x3c ./Core/Src/DHT11_library.o
                0x0000000008000ca8                MCU_Signal
 .text.Check_reponse
                0x0000000008000ce4       0x58 ./Core/Src/DHT11_library.o
                0x0000000008000ce4                Check_reponse
 .text.Check_bit
                0x0000000008000d3c       0x70 ./Core/Src/DHT11_library.o
                0x0000000008000d3c                Check_bit
 .text.Get_data_DHT11
                0x0000000008000dac       0xec ./Core/Src/DHT11_library.o
                0x0000000008000dac                Get_data_DHT11
 .text.delay_us
                0x0000000008000e98       0x38 ./Core/Src/Delay_us.o
                0x0000000008000e98                delay_us
 .text.delay_ms
                0x0000000008000ed0       0x30 ./Core/Src/Delay_us.o
                0x0000000008000ed0                delay_ms
 .text.lcd_write
                0x0000000008000f00       0x94 ./Core/Src/LCD_1602.o
 .text.lcd_write_command
                0x0000000008000f94       0x38 ./Core/Src/LCD_1602.o
 .text.lcd_write_data
                0x0000000008000fcc       0x38 ./Core/Src/LCD_1602.o
 .text.Lcd_Init
                0x0000000008001004       0x30 ./Core/Src/LCD_1602.o
                0x0000000008001004                Lcd_Init
 .text.Lcd_write_string
                0x0000000008001034       0x3a ./Core/Src/LCD_1602.o
                0x0000000008001034                Lcd_write_string
 .text.Lcd_clear
                0x000000000800106e        0xe ./Core/Src/LCD_1602.o
                0x000000000800106e                Lcd_clear
 .text.lcd_clear_xy
                0x000000000800107c       0x30 ./Core/Src/LCD_1602.o
                0x000000000800107c                lcd_clear_xy
 .text.Lcd_put_cur
                0x00000000080010ac       0x3a ./Core/Src/LCD_1602.o
                0x00000000080010ac                Lcd_put_cur
 .text.Lcd_creat_customchar
                0x00000000080010e6       0x4a ./Core/Src/LCD_1602.o
                0x00000000080010e6                Lcd_creat_customchar
 .text.Lcd_print_customchar
                0x0000000008001130       0x2e ./Core/Src/LCD_1602.o
                0x0000000008001130                Lcd_print_customchar
 *fill*         0x000000000800115e        0x2 
 .text.LCD_Configure
                0x0000000008001160      0x178 ./Core/Src/LCD_1602.o
 .text.Print_Temp_C
                0x00000000080012d8       0x20 ./Core/Src/Main_menu.o
                0x00000000080012d8                Print_Temp_C
 .text.Print_Sun
                0x00000000080012f8       0x8c ./Core/Src/Main_menu.o
                0x00000000080012f8                Print_Sun
 .text.Print_Cloud
                0x0000000008001384       0x8c ./Core/Src/Main_menu.o
                0x0000000008001384                Print_Cloud
 .text.Main_menu_Init
                0x0000000008001410       0x38 ./Core/Src/Main_menu.o
                0x0000000008001410                Main_menu_Init
 .text.Main_menu
                0x0000000008001448       0x74 ./Core/Src/Main_menu.o
                0x0000000008001448                Main_menu
 .text.Main_menu_2
                0x00000000080014bc       0x80 ./Core/Src/Main_menu.o
                0x00000000080014bc                Main_menu_2
 .text.Main_begin_2
                0x000000000800153c       0x2c ./Core/Src/Main_menu.o
                0x000000000800153c                Main_begin_2
 .text.Menu_set_Time_Alarm
                0x0000000008001568       0x80 ./Core/Src/Main_menu.o
                0x0000000008001568                Menu_set_Time_Alarm
 .text.Menu_1   0x00000000080015e8       0x3c ./Core/Src/Main_menu.o
                0x00000000080015e8                Menu_1
 .text.Inside   0x0000000008001624      0x180 ./Core/Src/Main_menu.o
                0x0000000008001624                Inside
 .text.BcdToDecimal
                0x00000000080017a4       0x30 ./Core/Src/RTC_library.o
 .text.RTC_ReadTime
                0x00000000080017d4       0xb0 ./Core/Src/RTC_library.o
                0x00000000080017d4                RTC_ReadTime
 .text.RTC_Get_time
                0x0000000008001884       0x84 ./Core/Src/RTC_library.o
                0x0000000008001884                RTC_Get_time
 .text.Rotary_encoder_Handle
                0x0000000008001908      0x128 ./Core/Src/Rotary_encoder.o
                0x0000000008001908                Rotary_encoder_Handle
 .text.Button   0x0000000008001a30       0xa8 ./Core/Src/Rotary_encoder.o
                0x0000000008001a30                Button
 .text.Rotary_Scroll
                0x0000000008001ad8       0xf4 ./Core/Src/Rotary_encoder.o
                0x0000000008001ad8                Rotary_Scroll
 .text.Rotary_Hour
                0x0000000008001bcc      0x110 ./Core/Src/Rotary_encoder.o
                0x0000000008001bcc                Rotary_Hour
 .text.Rotary_Min
                0x0000000008001cdc      0x110 ./Core/Src/Rotary_encoder.o
                0x0000000008001cdc                Rotary_Min
 .text.main     0x0000000008001dec       0x38 ./Core/Src/main.o
                0x0000000008001dec                main
 .text.SystemClock_Config
                0x0000000008001e24       0x82 ./Core/Src/main.o
                0x0000000008001e24                SystemClock_Config
 *fill*         0x0000000008001ea6        0x2 
 .text.MX_I2C2_Init
                0x0000000008001ea8       0x5c ./Core/Src/main.o
 .text.MX_TIM2_Init
                0x0000000008001f04       0x98 ./Core/Src/main.o
 .text.MX_GPIO_Init
                0x0000000008001f9c       0x8c ./Core/Src/main.o
 .text.Error_Handler
                0x0000000008002028        0xa ./Core/Src/main.o
                0x0000000008002028                Error_Handler
 *fill*         0x0000000008002032        0x2 
 .text.HAL_MspInit
                0x0000000008002034       0x64 ./Core/Src/stm32f1xx_hal_msp.o
                0x0000000008002034                HAL_MspInit
 .text.HAL_I2C_MspInit
                0x0000000008002098       0x80 ./Core/Src/stm32f1xx_hal_msp.o
                0x0000000008002098                HAL_I2C_MspInit
 .text.HAL_TIM_Base_MspInit
                0x0000000008002118       0x38 ./Core/Src/stm32f1xx_hal_msp.o
                0x0000000008002118                HAL_TIM_Base_MspInit
 .text.NMI_Handler
                0x0000000008002150        0x6 ./Core/Src/stm32f1xx_it.o
                0x0000000008002150                NMI_Handler
 .text.HardFault_Handler
                0x0000000008002156        0x6 ./Core/Src/stm32f1xx_it.o
                0x0000000008002156                HardFault_Handler
 .text.MemManage_Handler
                0x000000000800215c        0x6 ./Core/Src/stm32f1xx_it.o
                0x000000000800215c                MemManage_Handler
 .text.BusFault_Handler
                0x0000000008002162        0x6 ./Core/Src/stm32f1xx_it.o
                0x0000000008002162                BusFault_Handler
 .text.UsageFault_Handler
                0x0000000008002168        0x6 ./Core/Src/stm32f1xx_it.o
                0x0000000008002168                UsageFault_Handler
 .text.SVC_Handler
                0x000000000800216e        0xc ./Core/Src/stm32f1xx_it.o
                0x000000000800216e                SVC_Handler
 .text.DebugMon_Handler
                0x000000000800217a        0xc ./Core/Src/stm32f1xx_it.o
                0x000000000800217a                DebugMon_Handler
 .text.PendSV_Handler
                0x0000000008002186        0xc ./Core/Src/stm32f1xx_it.o
                0x0000000008002186                PendSV_Handler
 .text.SysTick_Handler
                0x0000000008002192        0xc ./Core/Src/stm32f1xx_it.o
                0x0000000008002192                SysTick_Handler
 *fill*         0x000000000800219e        0x2 
 .text._sbrk    0x00000000080021a0       0x6c ./Core/Src/sysmem.o
                0x00000000080021a0                _sbrk
 .text.SystemInit
                0x000000000800220c        0xc ./Core/Src/system_stm32f1xx.o
                0x000000000800220c                SystemInit
 .text.Reset_Handler
                0x0000000008002218       0x48 ./Core/Startup/startup_stm32f103c8tx.o
                0x0000000008002218                Reset_Handler
 .text.Default_Handler
                0x0000000008002260        0x2 ./Core/Startup/startup_stm32f103c8tx.o
                0x0000000008002260                RTC_Alarm_IRQHandler
                0x0000000008002260                EXTI2_IRQHandler
                0x0000000008002260                TIM1_CC_IRQHandler
                0x0000000008002260                PVD_IRQHandler
                0x0000000008002260                EXTI3_IRQHandler
                0x0000000008002260                EXTI0_IRQHandler
                0x0000000008002260                I2C2_EV_IRQHandler
                0x0000000008002260                ADC1_2_IRQHandler
                0x0000000008002260                SPI1_IRQHandler
                0x0000000008002260                TAMPER_IRQHandler
                0x0000000008002260                DMA1_Channel4_IRQHandler
                0x0000000008002260                USART3_IRQHandler
                0x0000000008002260                RTC_IRQHandler
                0x0000000008002260                DMA1_Channel7_IRQHandler
                0x0000000008002260                CAN1_RX1_IRQHandler
                0x0000000008002260                TIM4_IRQHandler
                0x0000000008002260                I2C1_EV_IRQHandler
                0x0000000008002260                DMA1_Channel6_IRQHandler
                0x0000000008002260                TIM3_IRQHandler
                0x0000000008002260                RCC_IRQHandler
                0x0000000008002260                TIM1_TRG_COM_IRQHandler
                0x0000000008002260                DMA1_Channel1_IRQHandler
                0x0000000008002260                Default_Handler
                0x0000000008002260                EXTI15_10_IRQHandler
                0x0000000008002260                EXTI9_5_IRQHandler
                0x0000000008002260                SPI2_IRQHandler
                0x0000000008002260                DMA1_Channel5_IRQHandler
                0x0000000008002260                EXTI4_IRQHandler
                0x0000000008002260                USB_LP_CAN1_RX0_IRQHandler
                0x0000000008002260                USB_HP_CAN1_TX_IRQHandler
                0x0000000008002260                DMA1_Channel3_IRQHandler
                0x0000000008002260                TIM1_UP_IRQHandler
                0x0000000008002260                WWDG_IRQHandler
                0x0000000008002260                TIM2_IRQHandler
                0x0000000008002260                TIM1_BRK_IRQHandler
                0x0000000008002260                EXTI1_IRQHandler
                0x0000000008002260                USART2_IRQHandler
                0x0000000008002260                I2C2_ER_IRQHandler
                0x0000000008002260                DMA1_Channel2_IRQHandler
                0x0000000008002260                CAN1_SCE_IRQHandler
                0x0000000008002260                FLASH_IRQHandler
                0x0000000008002260                USART1_IRQHandler
                0x0000000008002260                I2C1_ER_IRQHandler
                0x0000000008002260                USBWakeUp_IRQHandler
 *fill*         0x0000000008002262        0x2 
 .text.HAL_Init
                0x0000000008002264       0x2c ./Drivers/STM32F1xx_HAL_Driver/Src/stm32f1xx_hal.o
                0x0000000008002264                HAL_Init
 .text.HAL_InitTick
                0x0000000008002290       0x60 ./Drivers/STM32F1xx_HAL_Driver/Src/stm32f1xx_hal.o
                0x0000000008002290                HAL_InitTick
 .text.HAL_IncTick
                0x00000000080022f0       0x24 ./Drivers/STM32F1xx_HAL_Driver/Src/stm32f1xx_hal.o
                0x00000000080022f0                HAL_IncTick
 .text.HAL_GetTick
                0x0000000008002314       0x14 ./Drivers/STM32F1xx_HAL_Driver/Src/stm32f1xx_hal.o
                0x0000000008002314                HAL_GetTick
 .text.HAL_Delay
                0x0000000008002328       0x48 ./Drivers/STM32F1xx_HAL_Driver/Src/stm32f1xx_hal.o
                0x0000000008002328                HAL_Delay
 .text.__NVIC_SetPriorityGrouping
                0x0000000008002370       0x48 ./Drivers/STM32F1xx_HAL_Driver/Src/stm32f1xx_hal_cortex.o
 .text.__NVIC_GetPriorityGrouping
                0x00000000080023b8       0x1c ./Drivers/STM32F1xx_HAL_Driver/Src/stm32f1xx_hal_cortex.o
 .text.__NVIC_SetPriority
                0x00000000080023d4       0x54 ./Drivers/STM32F1xx_HAL_Driver/Src/stm32f1xx_hal_cortex.o
 .text.NVIC_EncodePriority
                0x0000000008002428       0x64 ./Drivers/STM32F1xx_HAL_Driver/Src/stm32f1xx_hal_cortex.o
 .text.SysTick_Config
                0x000000000800248c       0x44 ./Drivers/STM32F1xx_HAL_Driver/Src/stm32f1xx_hal_cortex.o
 .text.HAL_NVIC_SetPriorityGrouping
                0x00000000080024d0       0x16 ./Drivers/STM32F1xx_HAL_Driver/Src/stm32f1xx_hal_cortex.o
                0x00000000080024d0                HAL_NVIC_SetPriorityGrouping
 .text.HAL_NVIC_SetPriority
                0x00000000080024e6       0x38 ./Drivers/STM32F1xx_HAL_Driver/Src/stm32f1xx_hal_cortex.o
                0x00000000080024e6                HAL_NVIC_SetPriority
 .text.HAL_SYSTICK_Config
                0x000000000800251e       0x18 ./Drivers/STM32F1xx_HAL_Driver/Src/stm32f1xx_hal_cortex.o
                0x000000000800251e                HAL_SYSTICK_Config
 *fill*         0x0000000008002536        0x2 
 .text.HAL_GPIO_Init
                0x0000000008002538      0x308 ./Drivers/STM32F1xx_HAL_Driver/Src/stm32f1xx_hal_gpio.o
                0x0000000008002538                HAL_GPIO_Init
 .text.HAL_GPIO_ReadPin
                0x0000000008002840       0x2e ./Drivers/STM32F1xx_HAL_Driver/Src/stm32f1xx_hal_gpio.o
                0x0000000008002840                HAL_GPIO_ReadPin
 .text.HAL_GPIO_WritePin
                0x000000000800286e       0x30 ./Drivers/STM32F1xx_HAL_Driver/Src/stm32f1xx_hal_gpio.o
                0x000000000800286e                HAL_GPIO_WritePin
 *fill*         0x000000000800289e        0x2 
 .text.HAL_I2C_Init
                0x00000000080028a0      0x288 ./Drivers/STM32F1xx_HAL_Driver/Src/stm32f1xx_hal_i2c.o
                0x00000000080028a0                HAL_I2C_Init
 .text.HAL_I2C_Master_Transmit
                0x0000000008002b28      0x1fc ./Drivers/STM32F1xx_HAL_Driver/Src/stm32f1xx_hal_i2c.o
                0x0000000008002b28                HAL_I2C_Master_Transmit
 .text.HAL_I2C_Master_Receive
                0x0000000008002d24      0x4c0 ./Drivers/STM32F1xx_HAL_Driver/Src/stm32f1xx_hal_i2c.o
                0x0000000008002d24                HAL_I2C_Master_Receive
 .text.I2C_MasterRequestWrite
                0x00000000080031e4      0x104 ./Drivers/STM32F1xx_HAL_Driver/Src/stm32f1xx_hal_i2c.o
 .text.I2C_MasterRequestRead
                0x00000000080032e8      0x19c ./Drivers/STM32F1xx_HAL_Driver/Src/stm32f1xx_hal_i2c.o
 .text.I2C_WaitOnFlagUntilTimeout
                0x0000000008003484       0xae ./Drivers/STM32F1xx_HAL_Driver/Src/stm32f1xx_hal_i2c.o
 .text.I2C_WaitOnMasterAddressFlagUntilTimeout
                0x0000000008003532       0xfe ./Drivers/STM32F1xx_HAL_Driver/Src/stm32f1xx_hal_i2c.o
 .text.I2C_WaitOnTXEFlagUntilTimeout
                0x0000000008003630       0x82 ./Drivers/STM32F1xx_HAL_Driver/Src/stm32f1xx_hal_i2c.o
 .text.I2C_WaitOnBTFFlagUntilTimeout
                0x00000000080036b2       0x82 ./Drivers/STM32F1xx_HAL_Driver/Src/stm32f1xx_hal_i2c.o
 .text.I2C_WaitOnRXNEFlagUntilTimeout
                0x0000000008003734       0xac ./Drivers/STM32F1xx_HAL_Driver/Src/stm32f1xx_hal_i2c.o
 .text.I2C_IsAcknowledgeFailed
                0x00000000080037e0       0x5c ./Drivers/STM32F1xx_HAL_Driver/Src/stm32f1xx_hal_i2c.o
 .text.HAL_RCC_OscConfig
                0x000000000800383c      0x504 ./Drivers/STM32F1xx_HAL_Driver/Src/stm32f1xx_hal_rcc.o
                0x000000000800383c                HAL_RCC_OscConfig
 .text.HAL_RCC_ClockConfig
                0x0000000008003d40      0x1d4 ./Drivers/STM32F1xx_HAL_Driver/Src/stm32f1xx_hal_rcc.o
                0x0000000008003d40                HAL_RCC_ClockConfig
 .text.HAL_RCC_GetSysClockFreq
                0x0000000008003f14       0xbc ./Drivers/STM32F1xx_HAL_Driver/Src/stm32f1xx_hal_rcc.o
                0x0000000008003f14                HAL_RCC_GetSysClockFreq
 .text.HAL_RCC_GetHCLKFreq
                0x0000000008003fd0       0x14 ./Drivers/STM32F1xx_HAL_Driver/Src/stm32f1xx_hal_rcc.o
                0x0000000008003fd0                HAL_RCC_GetHCLKFreq
 .text.HAL_RCC_GetPCLK1Freq
                0x0000000008003fe4       0x28 ./Drivers/STM32F1xx_HAL_Driver/Src/stm32f1xx_hal_rcc.o
                0x0000000008003fe4                HAL_RCC_GetPCLK1Freq
 .text.RCC_Delay
                0x000000000800400c       0x3c ./Drivers/STM32F1xx_HAL_Driver/Src/stm32f1xx_hal_rcc.o
 .text.HAL_TIM_Base_Init
                0x0000000008004048       0x9e ./Drivers/STM32F1xx_HAL_Driver/Src/stm32f1xx_hal_tim.o
                0x0000000008004048                HAL_TIM_Base_Init
 *fill*         0x00000000080040e6        0x2 
 .text.HAL_TIM_Base_Start
                0x00000000080040e8       0x94 ./Drivers/STM32F1xx_HAL_Driver/Src/stm32f1xx_hal_tim.o
                0x00000000080040e8                HAL_TIM_Base_Start
 .text.HAL_TIM_Base_Stop
                0x000000000800417c       0x4c ./Drivers/STM32F1xx_HAL_Driver/Src/stm32f1xx_hal_tim.o
                0x000000000800417c                HAL_TIM_Base_Stop
 .text.HAL_TIM_ConfigClockSource
                0x00000000080041c8      0x188 ./Drivers/STM32F1xx_HAL_Driver/Src/stm32f1xx_hal_tim.o
                0x00000000080041c8                HAL_TIM_ConfigClockSource
 .text.TIM_Base_SetConfig
                0x0000000008004350       0xc4 ./Drivers/STM32F1xx_HAL_Driver/Src/stm32f1xx_hal_tim.o
                0x0000000008004350                TIM_Base_SetConfig
 .text.TIM_TI1_ConfigInputStage
                0x0000000008004414       0x5c ./Drivers/STM32F1xx_HAL_Driver/Src/stm32f1xx_hal_tim.o
 .text.TIM_TI2_ConfigInputStage
                0x0000000008004470       0x5e ./Drivers/STM32F1xx_HAL_Driver/Src/stm32f1xx_hal_tim.o
 .text.TIM_ITRx_SetConfig
                0x00000000080044ce       0x34 ./Drivers/STM32F1xx_HAL_Driver/Src/stm32f1xx_hal_tim.o
 .text.TIM_ETR_SetConfig
                0x0000000008004502       0x3e ./Drivers/STM32F1xx_HAL_Driver/Src/stm32f1xx_hal_tim.o
                0x0000000008004502                TIM_ETR_SetConfig
 .text.HAL_TIMEx_MasterConfigSynchronization
                0x0000000008004540       0xbc ./Drivers/STM32F1xx_HAL_Driver/Src/stm32f1xx_hal_tim_ex.o
                0x0000000008004540                HAL_TIMEx_MasterConfigSynchronization
 .text.__errno  0x00000000080045fc        0xc c:/st/stm32cubeide_1.10.1/stm32cubeide/plugins/com.st.stm32cube.ide.mcu.externaltools.gnu-tools-for-stm32.10.3-2021.10.win32_1.0.0.202111181127/tools/bin/../lib/gcc/arm-none-eabi/10.3.1/../../../../arm-none-eabi/lib/thumb/v7-m/nofp\libc_nano.a(lib_a-errno.o)
                0x00000000080045fc                __errno
 .text.__libc_init_array
                0x0000000008004608       0x48 c:/st/stm32cubeide_1.10.1/stm32cubeide/plugins/com.st.stm32cube.ide.mcu.externaltools.gnu-tools-for-stm32.10.3-2021.10.win32_1.0.0.202111181127/tools/bin/../lib/gcc/arm-none-eabi/10.3.1/../../../../arm-none-eabi/lib/thumb/v7-m/nofp\libc_nano.a(lib_a-init.o)
                0x0000000008004608                __libc_init_array
 .text.memset   0x0000000008004650       0x10 c:/st/stm32cubeide_1.10.1/stm32cubeide/plugins/com.st.stm32cube.ide.mcu.externaltools.gnu-tools-for-stm32.10.3-2021.10.win32_1.0.0.202111181127/tools/bin/../lib/gcc/arm-none-eabi/10.3.1/../../../../arm-none-eabi/lib/thumb/v7-m/nofp\libc_nano.a(lib_a-memset.o)
                0x0000000008004650                memset
 .text.sprintf  0x0000000008004660       0x40 c:/st/stm32cubeide_1.10.1/stm32cubeide/plugins/com.st.stm32cube.ide.mcu.externaltools.gnu-tools-for-stm32.10.3-2021.10.win32_1.0.0.202111181127/tools/bin/../lib/gcc/arm-none-eabi/10.3.1/../../../../arm-none-eabi/lib/thumb/v7-m/nofp\libc_nano.a(lib_a-sprintf.o)
                0x0000000008004660                siprintf
                0x0000000008004660                sprintf
 .text.__ssputs_r
                0x00000000080046a0       0xb6 c:/st/stm32cubeide_1.10.1/stm32cubeide/plugins/com.st.stm32cube.ide.mcu.externaltools.gnu-tools-for-stm32.10.3-2021.10.win32_1.0.0.202111181127/tools/bin/../lib/gcc/arm-none-eabi/10.3.1/../../../../arm-none-eabi/lib/thumb/v7-m/nofp\libc_nano.a(lib_a-nano-svfprintf.o)
                0x00000000080046a0                __ssputs_r
 *fill*         0x0000000008004756        0x2 
 .text._svfprintf_r
                0x0000000008004758      0x200 c:/st/stm32cubeide_1.10.1/stm32cubeide/plugins/com.st.stm32cube.ide.mcu.externaltools.gnu-tools-for-stm32.10.3-2021.10.win32_1.0.0.202111181127/tools/bin/../lib/gcc/arm-none-eabi/10.3.1/../../../../arm-none-eabi/lib/thumb/v7-m/nofp\libc_nano.a(lib_a-nano-svfprintf.o)
                0x0000000008004758                _svfiprintf_r
                0x0000000008004758                _svfprintf_r
 .text._printf_common
                0x0000000008004958       0xde c:/st/stm32cubeide_1.10.1/stm32cubeide/plugins/com.st.stm32cube.ide.mcu.externaltools.gnu-tools-for-stm32.10.3-2021.10.win32_1.0.0.202111181127/tools/bin/../lib/gcc/arm-none-eabi/10.3.1/../../../../arm-none-eabi/lib/thumb/v7-m/nofp\libc_nano.a(lib_a-nano-vfprintf_i.o)
                0x0000000008004958                _printf_common
 *fill*         0x0000000008004a36        0x2 
 .text._printf_i
                0x0000000008004a38      0x24c c:/st/stm32cubeide_1.10.1/stm32cubeide/plugins/com.st.stm32cube.ide.mcu.externaltools.gnu-tools-for-stm32.10.3-2021.10.win32_1.0.0.202111181127/tools/bin/../lib/gcc/arm-none-eabi/10.3.1/../../../../arm-none-eabi/lib/thumb/v7-m/nofp\libc_nano.a(lib_a-nano-vfprintf_i.o)
                0x0000000008004a38                _printf_i
 .text.memchr   0x0000000008004c84       0x1c c:/st/stm32cubeide_1.10.1/stm32cubeide/plugins/com.st.stm32cube.ide.mcu.externaltools.gnu-tools-for-stm32.10.3-2021.10.win32_1.0.0.202111181127/tools/bin/../lib/gcc/arm-none-eabi/10.3.1/../../../../arm-none-eabi/lib/thumb/v7-m/nofp\libc_nano.a(lib_a-memchr-stub.o)
                0x0000000008004c84                memchr
 .text.memcpy   0x0000000008004ca0       0x1c c:/st/stm32cubeide_1.10.1/stm32cubeide/plugins/com.st.stm32cube.ide.mcu.externaltools.gnu-tools-for-stm32.10.3-2021.10.win32_1.0.0.202111181127/tools/bin/../lib/gcc/arm-none-eabi/10.3.1/../../../../arm-none-eabi/lib/thumb/v7-m/nofp\libc_nano.a(lib_a-memcpy-stub.o)
                0x0000000008004ca0                memcpy
 .text.memmove  0x0000000008004cbc       0x34 c:/st/stm32cubeide_1.10.1/stm32cubeide/plugins/com.st.stm32cube.ide.mcu.externaltools.gnu-tools-for-stm32.10.3-2021.10.win32_1.0.0.202111181127/tools/bin/../lib/gcc/arm-none-eabi/10.3.1/../../../../arm-none-eabi/lib/thumb/v7-m/nofp\libc_nano.a(lib_a-memmove.o)
                0x0000000008004cbc                memmove
 .text._free_r  0x0000000008004cf0       0x90 c:/st/stm32cubeide_1.10.1/stm32cubeide/plugins/com.st.stm32cube.ide.mcu.externaltools.gnu-tools-for-stm32.10.3-2021.10.win32_1.0.0.202111181127/tools/bin/../lib/gcc/arm-none-eabi/10.3.1/../../../../arm-none-eabi/lib/thumb/v7-m/nofp\libc_nano.a(lib_a-nano-freer.o)
                0x0000000008004cf0                _free_r
 .text.sbrk_aligned
                0x0000000008004d80       0x40 c:/st/stm32cubeide_1.10.1/stm32cubeide/plugins/com.st.stm32cube.ide.mcu.externaltools.gnu-tools-for-stm32.10.3-2021.10.win32_1.0.0.202111181127/tools/bin/../lib/gcc/arm-none-eabi/10.3.1/../../../../arm-none-eabi/lib/thumb/v7-m/nofp\libc_nano.a(lib_a-nano-mallocr.o)
 .text._malloc_r
                0x0000000008004dc0       0xe8 c:/st/stm32cubeide_1.10.1/stm32cubeide/plugins/com.st.stm32cube.ide.mcu.externaltools.gnu-tools-for-stm32.10.3-2021.10.win32_1.0.0.202111181127/tools/bin/../lib/gcc/arm-none-eabi/10.3.1/../../../../arm-none-eabi/lib/thumb/v7-m/nofp\libc_nano.a(lib_a-nano-mallocr.o)
                0x0000000008004dc0                _malloc_r
 .text._realloc_r
                0x0000000008004ea8       0x5e c:/st/stm32cubeide_1.10.1/stm32cubeide/plugins/com.st.stm32cube.ide.mcu.externaltools.gnu-tools-for-stm32.10.3-2021.10.win32_1.0.0.202111181127/tools/bin/../lib/gcc/arm-none-eabi/10.3.1/../../../../arm-none-eabi/lib/thumb/v7-m/nofp\libc_nano.a(lib_a-nano-reallocr.o)
                0x0000000008004ea8                _realloc_r
 *fill*         0x0000000008004f06        0x2 
 .text._sbrk_r  0x0000000008004f08       0x20 c:/st/stm32cubeide_1.10.1/stm32cubeide/plugins/com.st.stm32cube.ide.mcu.externaltools.gnu-tools-for-stm32.10.3-2021.10.win32_1.0.0.202111181127/tools/bin/../lib/gcc/arm-none-eabi/10.3.1/../../../../arm-none-eabi/lib/thumb/v7-m/nofp\libc_nano.a(lib_a-sbrkr.o)
                0x0000000008004f08                _sbrk_r
 .text.__malloc_lock
                0x0000000008004f28        0xc c:/st/stm32cubeide_1.10.1/stm32cubeide/plugins/com.st.stm32cube.ide.mcu.externaltools.gnu-tools-for-stm32.10.3-2021.10.win32_1.0.0.202111181127/tools/bin/../lib/gcc/arm-none-eabi/10.3.1/../../../../arm-none-eabi/lib/thumb/v7-m/nofp\libc_nano.a(lib_a-mlock.o)
                0x0000000008004f28                __malloc_lock
 .text.__malloc_unlock
                0x0000000008004f34        0xc c:/st/stm32cubeide_1.10.1/stm32cubeide/plugins/com.st.stm32cube.ide.mcu.externaltools.gnu-tools-for-stm32.10.3-2021.10.win32_1.0.0.202111181127/tools/bin/../lib/gcc/arm-none-eabi/10.3.1/../../../../arm-none-eabi/lib/thumb/v7-m/nofp\libc_nano.a(lib_a-mlock.o)
                0x0000000008004f34                __malloc_unlock
 .text._malloc_usable_size_r
                0x0000000008004f40       0x10 c:/st/stm32cubeide_1.10.1/stm32cubeide/plugins/com.st.stm32cube.ide.mcu.externaltools.gnu-tools-for-stm32.10.3-2021.10.win32_1.0.0.202111181127/tools/bin/../lib/gcc/arm-none-eabi/10.3.1/../../../../arm-none-eabi/lib/thumb/v7-m/nofp\libc_nano.a(lib_a-nano-msizer.o)
                0x0000000008004f40                _malloc_usable_size_r
 .text.__retarget_lock_acquire_recursive
                0x0000000008004f50        0x2 c:/st/stm32cubeide_1.10.1/stm32cubeide/plugins/com.st.stm32cube.ide.mcu.externaltools.gnu-tools-for-stm32.10.3-2021.10.win32_1.0.0.202111181127/tools/bin/../lib/gcc/arm-none-eabi/10.3.1/../../../../arm-none-eabi/lib/thumb/v7-m/nofp\libc_nano.a(lib_a-lock.o)
                0x0000000008004f50                __retarget_lock_acquire_recursive
 .text.__retarget_lock_release_recursive
                0x0000000008004f52        0x2 c:/st/stm32cubeide_1.10.1/stm32cubeide/plugins/com.st.stm32cube.ide.mcu.externaltools.gnu-tools-for-stm32.10.3-2021.10.win32_1.0.0.202111181127/tools/bin/../lib/gcc/arm-none-eabi/10.3.1/../../../../arm-none-eabi/lib/thumb/v7-m/nofp\libc_nano.a(lib_a-lock.o)
                0x0000000008004f52                __retarget_lock_release_recursive
 *(.glue_7)
 .glue_7        0x0000000008004f54        0x0 linker stubs
 *(.glue_7t)
 .glue_7t       0x0000000008004f54        0x0 linker stubs
 *(.eh_frame)
 .eh_frame      0x0000000008004f54        0x0 c:/st/stm32cubeide_1.10.1/stm32cubeide/plugins/com.st.stm32cube.ide.mcu.externaltools.gnu-tools-for-stm32.10.3-2021.10.win32_1.0.0.202111181127/tools/bin/../lib/gcc/arm-none-eabi/10.3.1/thumb/v7-m/nofp/crtbegin.o
 *(.init)
 .init          0x0000000008004f54        0x4 c:/st/stm32cubeide_1.10.1/stm32cubeide/plugins/com.st.stm32cube.ide.mcu.externaltools.gnu-tools-for-stm32.10.3-2021.10.win32_1.0.0.202111181127/tools/bin/../lib/gcc/arm-none-eabi/10.3.1/thumb/v7-m/nofp/crti.o
                0x0000000008004f54                _init
 .init          0x0000000008004f58        0x8 c:/st/stm32cubeide_1.10.1/stm32cubeide/plugins/com.st.stm32cube.ide.mcu.externaltools.gnu-tools-for-stm32.10.3-2021.10.win32_1.0.0.202111181127/tools/bin/../lib/gcc/arm-none-eabi/10.3.1/thumb/v7-m/nofp/crtn.o
 *(.fini)
 .fini          0x0000000008004f60        0x4 c:/st/stm32cubeide_1.10.1/stm32cubeide/plugins/com.st.stm32cube.ide.mcu.externaltools.gnu-tools-for-stm32.10.3-2021.10.win32_1.0.0.202111181127/tools/bin/../lib/gcc/arm-none-eabi/10.3.1/thumb/v7-m/nofp/crti.o
                0x0000000008004f60                _fini
 .fini          0x0000000008004f64        0x8 c:/st/stm32cubeide_1.10.1/stm32cubeide/plugins/com.st.stm32cube.ide.mcu.externaltools.gnu-tools-for-stm32.10.3-2021.10.win32_1.0.0.202111181127/tools/bin/../lib/gcc/arm-none-eabi/10.3.1/thumb/v7-m/nofp/crtn.o
                0x0000000008004f6c                . = ALIGN (0x4)
                0x0000000008004f6c                _etext = .

.vfp11_veneer   0x0000000008004f6c        0x0
 .vfp11_veneer  0x0000000008004f6c        0x0 linker stubs

.v4_bx          0x0000000008004f6c        0x0
 .v4_bx         0x0000000008004f6c        0x0 linker stubs

.iplt           0x0000000008004f6c        0x0
 .iplt          0x0000000008004f6c        0x0 c:/st/stm32cubeide_1.10.1/stm32cubeide/plugins/com.st.stm32cube.ide.mcu.externaltools.gnu-tools-for-stm32.10.3-2021.10.win32_1.0.0.202111181127/tools/bin/../lib/gcc/arm-none-eabi/10.3.1/thumb/v7-m/nofp/crtbegin.o

.rodata         0x0000000008004f6c      0x120
                0x0000000008004f6c                . = ALIGN (0x4)
 *(.rodata)
 .rodata        0x0000000008004f6c       0x36 ./Core/Src/Alarm.o
 *fill*         0x0000000008004fa2        0x2 
 .rodata        0x0000000008004fa4       0x1e ./Core/Src/DHT11_library.o
 *fill*         0x0000000008004fc2        0x2 
 .rodata        0x0000000008004fc4        0x2 ./Core/Src/LCD_1602.o
 *fill*         0x0000000008004fc6        0x2 
 .rodata        0x0000000008004fc8       0x43 ./Core/Src/Main_menu.o
 *fill*         0x000000000800500b        0x1 
 .rodata        0x000000000800500c       0x21 ./Core/Src/RTC_library.o
 *fill*         0x000000000800502d        0x3 
 .rodata        0x0000000008005030       0x10 ./Drivers/STM32F1xx_HAL_Driver/Src/stm32f1xx_hal_rcc.o
 *(.rodata*)
 .rodata.AHBPrescTable
                0x0000000008005040       0x10 ./Core/Src/system_stm32f1xx.o
                0x0000000008005040                AHBPrescTable
 .rodata.APBPrescTable
                0x0000000008005050        0x8 ./Core/Src/system_stm32f1xx.o
                0x0000000008005050                APBPrescTable
 .rodata._svfprintf_r.str1.1
                0x0000000008005058       0x11 c:/st/stm32cubeide_1.10.1/stm32cubeide/plugins/com.st.stm32cube.ide.mcu.externaltools.gnu-tools-for-stm32.10.3-2021.10.win32_1.0.0.202111181127/tools/bin/../lib/gcc/arm-none-eabi/10.3.1/../../../../arm-none-eabi/lib/thumb/v7-m/nofp\libc_nano.a(lib_a-nano-svfprintf.o)
 .rodata._printf_i.str1.1
                0x0000000008005069       0x22 c:/st/stm32cubeide_1.10.1/stm32cubeide/plugins/com.st.stm32cube.ide.mcu.externaltools.gnu-tools-for-stm32.10.3-2021.10.win32_1.0.0.202111181127/tools/bin/../lib/gcc/arm-none-eabi/10.3.1/../../../../arm-none-eabi/lib/thumb/v7-m/nofp\libc_nano.a(lib_a-nano-vfprintf_i.o)
                0x000000000800508c                . = ALIGN (0x4)
 *fill*         0x000000000800508b        0x1 

.rel.dyn        0x000000000800508c        0x0
 .rel.iplt      0x000000000800508c        0x0 c:/st/stm32cubeide_1.10.1/stm32cubeide/plugins/com.st.stm32cube.ide.mcu.externaltools.gnu-tools-for-stm32.10.3-2021.10.win32_1.0.0.202111181127/tools/bin/../lib/gcc/arm-none-eabi/10.3.1/thumb/v7-m/nofp/crtbegin.o

.ARM.extab      0x000000000800508c        0x0
                0x000000000800508c                . = ALIGN (0x4)
 *(.ARM.extab* .gnu.linkonce.armextab.*)
                0x000000000800508c                . = ALIGN (0x4)

.ARM            0x000000000800508c        0x0
                0x000000000800508c                . = ALIGN (0x4)
                0x000000000800508c                __exidx_start = .
 *(.ARM.exidx*)
                0x000000000800508c                __exidx_end = .
                0x000000000800508c                . = ALIGN (0x4)

.preinit_array  0x000000000800508c        0x0
                0x000000000800508c                . = ALIGN (0x4)
                0x000000000800508c                PROVIDE (__preinit_array_start = .)
 *(.preinit_array*)
                0x000000000800508c                PROVIDE (__preinit_array_end = .)
                0x000000000800508c                . = ALIGN (0x4)

.init_array     0x000000000800508c        0x4
                0x000000000800508c                . = ALIGN (0x4)
                0x000000000800508c                PROVIDE (__init_array_start = .)
 *(SORT_BY_NAME(.init_array.*))
 *(.init_array*)
 .init_array    0x000000000800508c        0x4 c:/st/stm32cubeide_1.10.1/stm32cubeide/plugins/com.st.stm32cube.ide.mcu.externaltools.gnu-tools-for-stm32.10.3-2021.10.win32_1.0.0.202111181127/tools/bin/../lib/gcc/arm-none-eabi/10.3.1/thumb/v7-m/nofp/crtbegin.o
                0x0000000008005090                PROVIDE (__init_array_end = .)
                0x0000000008005090                . = ALIGN (0x4)

.fini_array     0x0000000008005090        0x4
                0x0000000008005090                . = ALIGN (0x4)
                [!provide]                        PROVIDE (__fini_array_start = .)
 *(SORT_BY_NAME(.fini_array.*))
 *(.fini_array*)
 .fini_array    0x0000000008005090        0x4 c:/st/stm32cubeide_1.10.1/stm32cubeide/plugins/com.st.stm32cube.ide.mcu.externaltools.gnu-tools-for-stm32.10.3-2021.10.win32_1.0.0.202111181127/tools/bin/../lib/gcc/arm-none-eabi/10.3.1/thumb/v7-m/nofp/crtbegin.o
                [!provide]                        PROVIDE (__fini_array_end = .)
                0x0000000008005094                . = ALIGN (0x4)
                0x0000000008005094                _sidata = LOADADDR (.data)

.data           0x0000000020000000       0xe8 load address 0x0000000008005094
                0x0000000020000000                . = ALIGN (0x4)
                0x0000000020000000                _sdata = .
 *(.data)
 *(.data*)
 .data.Temp_C   0x0000000020000000        0x8 ./Core/Src/Main_menu.o
                0x0000000020000000                Temp_C
 .data.Arrow    0x0000000020000008        0x8 ./Core/Src/Main_menu.o
                0x0000000020000008                Arrow
 .data.Sun_1    0x0000000020000010        0x8 ./Core/Src/Main_menu.o
                0x0000000020000010                Sun_1
 .data.Sun_2    0x0000000020000018        0x8 ./Core/Src/Main_menu.o
                0x0000000020000018                Sun_2
 .data.Sun_3    0x0000000020000020        0x8 ./Core/Src/Main_menu.o
                0x0000000020000020                Sun_3
 .data.Sun_4    0x0000000020000028        0x8 ./Core/Src/Main_menu.o
                0x0000000020000028                Sun_4
 .data.Sun_5    0x0000000020000030        0x8 ./Core/Src/Main_menu.o
                0x0000000020000030                Sun_5
 .data.Sun_6    0x0000000020000038        0x8 ./Core/Src/Main_menu.o
                0x0000000020000038                Sun_6
 .data.Cloud_1  0x0000000020000040        0x8 ./Core/Src/Main_menu.o
                0x0000000020000040                Cloud_1
 .data.Cloud_2  0x0000000020000048        0x8 ./Core/Src/Main_menu.o
                0x0000000020000048                Cloud_2
 .data.Cloud_3  0x0000000020000050        0x8 ./Core/Src/Main_menu.o
                0x0000000020000050                Cloud_3
 .data.Cloud_4  0x0000000020000058        0x8 ./Core/Src/Main_menu.o
                0x0000000020000058                Cloud_4
 .data.Cloud_5  0x0000000020000060        0x8 ./Core/Src/Main_menu.o
                0x0000000020000060                Cloud_5
 .data.Cloud_6  0x0000000020000068        0x8 ./Core/Src/Main_menu.o
                0x0000000020000068                Cloud_6
 .data.button_count
                0x0000000020000070        0x4 ./Core/Src/Rotary_encoder.o
                0x0000000020000070                button_count
 .data.button_current_state
                0x0000000020000074        0x1 ./Core/Src/Rotary_encoder.o
                0x0000000020000074                button_current_state
 .data.button_last_state
                0x0000000020000075        0x1 ./Core/Src/Rotary_encoder.o
                0x0000000020000075                button_last_state
 .data.button_filter
                0x0000000020000076        0x1 ./Core/Src/Rotary_encoder.o
                0x0000000020000076                button_filter
 *fill*         0x0000000020000077        0x1 
 .data.SystemCoreClock
                0x0000000020000078        0x4 ./Core/Src/system_stm32f1xx.o
                0x0000000020000078                SystemCoreClock
 .data.uwTickPrio
                0x000000002000007c        0x4 ./Drivers/STM32F1xx_HAL_Driver/Src/stm32f1xx_hal.o
                0x000000002000007c                uwTickPrio
 .data.uwTickFreq
                0x0000000020000080        0x1 ./Drivers/STM32F1xx_HAL_Driver/Src/stm32f1xx_hal.o
                0x0000000020000080                uwTickFreq
 *fill*         0x0000000020000081        0x3 
 .data._impure_ptr
                0x0000000020000084        0x4 c:/st/stm32cubeide_1.10.1/stm32cubeide/plugins/com.st.stm32cube.ide.mcu.externaltools.gnu-tools-for-stm32.10.3-2021.10.win32_1.0.0.202111181127/tools/bin/../lib/gcc/arm-none-eabi/10.3.1/../../../../arm-none-eabi/lib/thumb/v7-m/nofp\libc_nano.a(lib_a-impure.o)
                0x0000000020000084                _impure_ptr
 .data.impure_data
                0x0000000020000088       0x60 c:/st/stm32cubeide_1.10.1/stm32cubeide/plugins/com.st.stm32cube.ide.mcu.externaltools.gnu-tools-for-stm32.10.3-2021.10.win32_1.0.0.202111181127/tools/bin/../lib/gcc/arm-none-eabi/10.3.1/../../../../arm-none-eabi/lib/thumb/v7-m/nofp\libc_nano.a(lib_a-impure.o)
 *(.RamFunc)
 *(.RamFunc*)
                0x00000000200000e8                . = ALIGN (0x4)
                0x00000000200000e8                _edata = .

.igot.plt       0x00000000200000e8        0x0 load address 0x000000000800517c
 .igot.plt      0x00000000200000e8        0x0 c:/st/stm32cubeide_1.10.1/stm32cubeide/plugins/com.st.stm32cube.ide.mcu.externaltools.gnu-tools-for-stm32.10.3-2021.10.win32_1.0.0.202111181127/tools/bin/../lib/gcc/arm-none-eabi/10.3.1/thumb/v7-m/nofp/crtbegin.o
                0x00000000200000e8                . = ALIGN (0x4)

.bss            0x00000000200000e8      0x130 load address 0x000000000800517c
                0x00000000200000e8                _sbss = .
                0x00000000200000e8                __bss_start__ = _sbss
 *(.bss)
 .bss           0x00000000200000e8       0x1c c:/st/stm32cubeide_1.10.1/stm32cubeide/plugins/com.st.stm32cube.ide.mcu.externaltools.gnu-tools-for-stm32.10.3-2021.10.win32_1.0.0.202111181127/tools/bin/../lib/gcc/arm-none-eabi/10.3.1/thumb/v7-m/nofp/crtbegin.o
 *(.bss*)
 .bss.buff_min  0x0000000020000104        0x2 ./Core/Src/Alarm.o
                0x0000000020000104                buff_min
 *fill*         0x0000000020000106        0x2 
 .bss.buff_hour
                0x0000000020000108        0x2 ./Core/Src/Alarm.o
                0x0000000020000108                buff_hour
 .bss.RH_data   0x000000002000010a        0x1 ./Core/Src/DHT11_library.o
                0x000000002000010a                RH_data
 .bss.RH_decimal
                0x000000002000010b        0x1 ./Core/Src/DHT11_library.o
                0x000000002000010b                RH_decimal
 .bss.T_data    0x000000002000010c        0x1 ./Core/Src/DHT11_library.o
                0x000000002000010c                T_data
 .bss.T_decimal
                0x000000002000010d        0x1 ./Core/Src/DHT11_library.o
                0x000000002000010d                T_decimal
 .bss.Check_sum
                0x000000002000010e        0x1 ./Core/Src/DHT11_library.o
                0x000000002000010e                Check_sum
 *fill*         0x000000002000010f        0x1 
 .bss.RH        0x0000000020000110        0x2 ./Core/Src/DHT11_library.o
                0x0000000020000110                RH
 .bss.TEMP      0x0000000020000112        0x2 ./Core/Src/DHT11_library.o
                0x0000000020000112                TEMP
 .bss.temperature
                0x0000000020000114        0x4 ./Core/Src/DHT11_library.o
                0x0000000020000114                temperature
 .bss.humidity  0x0000000020000118        0x4 ./Core/Src/DHT11_library.o
                0x0000000020000118                humidity
 .bss.Presence  0x000000002000011c        0x1 ./Core/Src/DHT11_library.o
                0x000000002000011c                Presence
 *fill*         0x000000002000011d        0x3 
 .bss.hour_count
                0x0000000020000120        0x4 ./Core/Src/Main_menu.o
                0x0000000020000120                hour_count
 .bss.min_count
                0x0000000020000124        0x4 ./Core/Src/Main_menu.o
                0x0000000020000124                min_count
 .bss.is        0x0000000020000128        0x4 ./Core/Src/Main_menu.o
                0x0000000020000128                is
 .bss.set_time  0x000000002000012c        0x7 ./Core/Src/RTC_library.o
                0x000000002000012c                set_time
 *fill*         0x0000000020000133        0x1 
 .bss.buffer_time
                0x0000000020000134        0x9 ./Core/Src/RTC_library.o
                0x0000000020000134                buffer_time
 *fill*         0x000000002000013d        0x3 
 .bss.buffer_day
                0x0000000020000140        0xb ./Core/Src/RTC_library.o
                0x0000000020000140                buffer_day
 *fill*         0x000000002000014b        0x1 
 .bss.count     0x000000002000014c        0x4 ./Core/Src/Rotary_encoder.o
                0x000000002000014c                count
 .bss.scroll    0x0000000020000150        0x4 ./Core/Src/Rotary_encoder.o
                0x0000000020000150                scroll
 .bss.hour      0x0000000020000154        0x4 ./Core/Src/Rotary_encoder.o
                0x0000000020000154                hour
 .bss.min       0x0000000020000158        0x4 ./Core/Src/Rotary_encoder.o
                0x0000000020000158                min
 .bss.is_debouncing
                0x000000002000015c        0x1 ./Core/Src/Rotary_encoder.o
                0x000000002000015c                is_debouncing
 *fill*         0x000000002000015d        0x3 
 .bss.time_debounce
                0x0000000020000160        0x4 ./Core/Src/Rotary_encoder.o
                0x0000000020000160                time_debounce
 .bss.hi2c2     0x0000000020000164       0x54 ./Core/Src/main.o
                0x0000000020000164                hi2c2
 .bss.htim2     0x00000000200001b8       0x48 ./Core/Src/main.o
                0x00000000200001b8                htim2
 .bss.__sbrk_heap_end
                0x0000000020000200        0x4 ./Core/Src/sysmem.o
 .bss.uwTick    0x0000000020000204        0x4 ./Drivers/STM32F1xx_HAL_Driver/Src/stm32f1xx_hal.o
                0x0000000020000204                uwTick
 .bss.__malloc_free_list
                0x0000000020000208        0x4 c:/st/stm32cubeide_1.10.1/stm32cubeide/plugins/com.st.stm32cube.ide.mcu.externaltools.gnu-tools-for-stm32.10.3-2021.10.win32_1.0.0.202111181127/tools/bin/../lib/gcc/arm-none-eabi/10.3.1/../../../../arm-none-eabi/lib/thumb/v7-m/nofp\libc_nano.a(lib_a-nano-mallocr.o)
                0x0000000020000208                __malloc_free_list
 .bss.__malloc_sbrk_start
                0x000000002000020c        0x4 c:/st/stm32cubeide_1.10.1/stm32cubeide/plugins/com.st.stm32cube.ide.mcu.externaltools.gnu-tools-for-stm32.10.3-2021.10.win32_1.0.0.202111181127/tools/bin/../lib/gcc/arm-none-eabi/10.3.1/../../../../arm-none-eabi/lib/thumb/v7-m/nofp\libc_nano.a(lib_a-nano-mallocr.o)
                0x000000002000020c                __malloc_sbrk_start
 .bss.errno     0x0000000020000210        0x4 c:/st/stm32cubeide_1.10.1/stm32cubeide/plugins/com.st.stm32cube.ide.mcu.externaltools.gnu-tools-for-stm32.10.3-2021.10.win32_1.0.0.202111181127/tools/bin/../lib/gcc/arm-none-eabi/10.3.1/../../../../arm-none-eabi/lib/thumb/v7-m/nofp\libc_nano.a(lib_a-reent.o)
                0x0000000020000210                errno
 .bss.__lock___malloc_recursive_mutex
                0x0000000020000214        0x1 c:/st/stm32cubeide_1.10.1/stm32cubeide/plugins/com.st.stm32cube.ide.mcu.externaltools.gnu-tools-for-stm32.10.3-2021.10.win32_1.0.0.202111181127/tools/bin/../lib/gcc/arm-none-eabi/10.3.1/../../../../arm-none-eabi/lib/thumb/v7-m/nofp\libc_nano.a(lib_a-lock.o)
                0x0000000020000214                __lock___malloc_recursive_mutex
 *(COMMON)
                0x0000000020000218                . = ALIGN (0x4)
 *fill*         0x0000000020000215        0x3 
                0x0000000020000218                _ebss = .
                0x0000000020000218                __bss_end__ = _ebss

._user_heap_stack
                0x0000000020000218      0x600 load address 0x000000000800517c
                0x0000000020000218                . = ALIGN (0x8)
                [!provide]                        PROVIDE (end = .)
                0x0000000020000218                PROVIDE (_end = .)
                0x0000000020000418                . = (. + _Min_Heap_Size)
 *fill*         0x0000000020000218      0x200 
                0x0000000020000818                . = (. + _Min_Stack_Size)
 *fill*         0x0000000020000418      0x400 
                0x0000000020000818                . = ALIGN (0x8)

/DISCARD/
 libc.a(*)
 libm.a(*)
 libgcc.a(*)

.ARM.attributes
                0x0000000000000000       0x29
 *(.ARM.attributes)
 .ARM.attributes
                0x0000000000000000       0x1d c:/st/stm32cubeide_1.10.1/stm32cubeide/plugins/com.st.stm32cube.ide.mcu.externaltools.gnu-tools-for-stm32.10.3-2021.10.win32_1.0.0.202111181127/tools/bin/../lib/gcc/arm-none-eabi/10.3.1/thumb/v7-m/nofp/crti.o
 .ARM.attributes
                0x000000000000001d       0x2d c:/st/stm32cubeide_1.10.1/stm32cubeide/plugins/com.st.stm32cube.ide.mcu.externaltools.gnu-tools-for-stm32.10.3-2021.10.win32_1.0.0.202111181127/tools/bin/../lib/gcc/arm-none-eabi/10.3.1/thumb/v7-m/nofp/crtbegin.o
 .ARM.attributes
                0x000000000000004a       0x2d ./Core/Src/Alarm.o
 .ARM.attributes
                0x0000000000000077       0x2d ./Core/Src/DHT11_library.o
 .ARM.attributes
                0x00000000000000a4       0x2d ./Core/Src/Delay_us.o
 .ARM.attributes
                0x00000000000000d1       0x2d ./Core/Src/LCD_1602.o
 .ARM.attributes
                0x00000000000000fe       0x2d ./Core/Src/Main_menu.o
 .ARM.attributes
                0x000000000000012b       0x2d ./Core/Src/RTC_library.o
 .ARM.attributes
                0x0000000000000158       0x2d ./Core/Src/Rotary_encoder.o
 .ARM.attributes
                0x0000000000000185       0x2d ./Core/Src/main.o
 .ARM.attributes
                0x00000000000001b2       0x2d ./Core/Src/stm32f1xx_hal_msp.o
 .ARM.attributes
                0x00000000000001df       0x2d ./Core/Src/stm32f1xx_it.o
 .ARM.attributes
                0x000000000000020c       0x2d ./Core/Src/sysmem.o
 .ARM.attributes
                0x0000000000000239       0x2d ./Core/Src/system_stm32f1xx.o
 .ARM.attributes
                0x0000000000000266       0x21 ./Core/Startup/startup_stm32f103c8tx.o
 .ARM.attributes
                0x0000000000000287       0x2d ./Drivers/STM32F1xx_HAL_Driver/Src/stm32f1xx_hal.o
 .ARM.attributes
                0x00000000000002b4       0x2d ./Drivers/STM32F1xx_HAL_Driver/Src/stm32f1xx_hal_cortex.o
 .ARM.attributes
                0x00000000000002e1       0x2d ./Drivers/STM32F1xx_HAL_Driver/Src/stm32f1xx_hal_gpio.o
 .ARM.attributes
                0x000000000000030e       0x2d ./Drivers/STM32F1xx_HAL_Driver/Src/stm32f1xx_hal_i2c.o
 .ARM.attributes
                0x000000000000033b       0x2d ./Drivers/STM32F1xx_HAL_Driver/Src/stm32f1xx_hal_rcc.o
 .ARM.attributes
                0x0000000000000368       0x2d ./Drivers/STM32F1xx_HAL_Driver/Src/stm32f1xx_hal_tim.o
 .ARM.attributes
                0x0000000000000395       0x2d ./Drivers/STM32F1xx_HAL_Driver/Src/stm32f1xx_hal_tim_ex.o
 .ARM.attributes
                0x00000000000003c2       0x2d c:/st/stm32cubeide_1.10.1/stm32cubeide/plugins/com.st.stm32cube.ide.mcu.externaltools.gnu-tools-for-stm32.10.3-2021.10.win32_1.0.0.202111181127/tools/bin/../lib/gcc/arm-none-eabi/10.3.1/../../../../arm-none-eabi/lib/thumb/v7-m/nofp\libc_nano.a(lib_a-errno.o)
 .ARM.attributes
                0x00000000000003ef       0x2d c:/st/stm32cubeide_1.10.1/stm32cubeide/plugins/com.st.stm32cube.ide.mcu.externaltools.gnu-tools-for-stm32.10.3-2021.10.win32_1.0.0.202111181127/tools/bin/../lib/gcc/arm-none-eabi/10.3.1/../../../../arm-none-eabi/lib/thumb/v7-m/nofp\libc_nano.a(lib_a-impure.o)
 .ARM.attributes
                0x000000000000041c       0x2d c:/st/stm32cubeide_1.10.1/stm32cubeide/plugins/com.st.stm32cube.ide.mcu.externaltools.gnu-tools-for-stm32.10.3-2021.10.win32_1.0.0.202111181127/tools/bin/../lib/gcc/arm-none-eabi/10.3.1/../../../../arm-none-eabi/lib/thumb/v7-m/nofp\libc_nano.a(lib_a-init.o)
 .ARM.attributes
                0x0000000000000449       0x2d c:/st/stm32cubeide_1.10.1/stm32cubeide/plugins/com.st.stm32cube.ide.mcu.externaltools.gnu-tools-for-stm32.10.3-2021.10.win32_1.0.0.202111181127/tools/bin/../lib/gcc/arm-none-eabi/10.3.1/../../../../arm-none-eabi/lib/thumb/v7-m/nofp\libc_nano.a(lib_a-memset.o)
 .ARM.attributes
                0x0000000000000476       0x2d c:/st/stm32cubeide_1.10.1/stm32cubeide/plugins/com.st.stm32cube.ide.mcu.externaltools.gnu-tools-for-stm32.10.3-2021.10.win32_1.0.0.202111181127/tools/bin/../lib/gcc/arm-none-eabi/10.3.1/../../../../arm-none-eabi/lib/thumb/v7-m/nofp\libc_nano.a(lib_a-sprintf.o)
 .ARM.attributes
                0x00000000000004a3       0x17 c:/st/stm32cubeide_1.10.1/stm32cubeide/plugins/com.st.stm32cube.ide.mcu.externaltools.gnu-tools-for-stm32.10.3-2021.10.win32_1.0.0.202111181127/tools/bin/../lib/gcc/arm-none-eabi/10.3.1/../../../../arm-none-eabi/lib/thumb/v7-m/nofp\libc_nano.a(lib_a-strlen.o)
 .ARM.attributes
                0x00000000000004ba       0x2d c:/st/stm32cubeide_1.10.1/stm32cubeide/plugins/com.st.stm32cube.ide.mcu.externaltools.gnu-tools-for-stm32.10.3-2021.10.win32_1.0.0.202111181127/tools/bin/../lib/gcc/arm-none-eabi/10.3.1/../../../../arm-none-eabi/lib/thumb/v7-m/nofp\libc_nano.a(lib_a-nano-svfprintf.o)
 .ARM.attributes
                0x00000000000004e7       0x2d c:/st/stm32cubeide_1.10.1/stm32cubeide/plugins/com.st.stm32cube.ide.mcu.externaltools.gnu-tools-for-stm32.10.3-2021.10.win32_1.0.0.202111181127/tools/bin/../lib/gcc/arm-none-eabi/10.3.1/../../../../arm-none-eabi/lib/thumb/v7-m/nofp\libc_nano.a(lib_a-nano-vfprintf_i.o)
 .ARM.attributes
                0x0000000000000514       0x2d c:/st/stm32cubeide_1.10.1/stm32cubeide/plugins/com.st.stm32cube.ide.mcu.externaltools.gnu-tools-for-stm32.10.3-2021.10.win32_1.0.0.202111181127/tools/bin/../lib/gcc/arm-none-eabi/10.3.1/../../../../arm-none-eabi/lib/thumb/v7-m/nofp\libc_nano.a(lib_a-memchr-stub.o)
 .ARM.attributes
                0x0000000000000541       0x2d c:/st/stm32cubeide_1.10.1/stm32cubeide/plugins/com.st.stm32cube.ide.mcu.externaltools.gnu-tools-for-stm32.10.3-2021.10.win32_1.0.0.202111181127/tools/bin/../lib/gcc/arm-none-eabi/10.3.1/../../../../arm-none-eabi/lib/thumb/v7-m/nofp\libc_nano.a(lib_a-memcpy-stub.o)
 .ARM.attributes
                0x000000000000056e       0x2d c:/st/stm32cubeide_1.10.1/stm32cubeide/plugins/com.st.stm32cube.ide.mcu.externaltools.gnu-tools-for-stm32.10.3-2021.10.win32_1.0.0.202111181127/tools/bin/../lib/gcc/arm-none-eabi/10.3.1/../../../../arm-none-eabi/lib/thumb/v7-m/nofp\libc_nano.a(lib_a-memmove.o)
 .ARM.attributes
                0x000000000000059b       0x2d c:/st/stm32cubeide_1.10.1/stm32cubeide/plugins/com.st.stm32cube.ide.mcu.externaltools.gnu-tools-for-stm32.10.3-2021.10.win32_1.0.0.202111181127/tools/bin/../lib/gcc/arm-none-eabi/10.3.1/../../../../arm-none-eabi/lib/thumb/v7-m/nofp\libc_nano.a(lib_a-nano-freer.o)
 .ARM.attributes
                0x00000000000005c8       0x2d c:/st/stm32cubeide_1.10.1/stm32cubeide/plugins/com.st.stm32cube.ide.mcu.externaltools.gnu-tools-for-stm32.10.3-2021.10.win32_1.0.0.202111181127/tools/bin/../lib/gcc/arm-none-eabi/10.3.1/../../../../arm-none-eabi/lib/thumb/v7-m/nofp\libc_nano.a(lib_a-nano-mallocr.o)
 .ARM.attributes
                0x00000000000005f5       0x2d c:/st/stm32cubeide_1.10.1/stm32cubeide/plugins/com.st.stm32cube.ide.mcu.externaltools.gnu-tools-for-stm32.10.3-2021.10.win32_1.0.0.202111181127/tools/bin/../lib/gcc/arm-none-eabi/10.3.1/../../../../arm-none-eabi/lib/thumb/v7-m/nofp\libc_nano.a(lib_a-nano-reallocr.o)
 .ARM.attributes
                0x0000000000000622       0x2d c:/st/stm32cubeide_1.10.1/stm32cubeide/plugins/com.st.stm32cube.ide.mcu.externaltools.gnu-tools-for-stm32.10.3-2021.10.win32_1.0.0.202111181127/tools/bin/../lib/gcc/arm-none-eabi/10.3.1/../../../../arm-none-eabi/lib/thumb/v7-m/nofp\libc_nano.a(lib_a-sbrkr.o)
 .ARM.attributes
                0x000000000000064f       0x2d c:/st/stm32cubeide_1.10.1/stm32cubeide/plugins/com.st.stm32cube.ide.mcu.externaltools.gnu-tools-for-stm32.10.3-2021.10.win32_1.0.0.202111181127/tools/bin/../lib/gcc/arm-none-eabi/10.3.1/../../../../arm-none-eabi/lib/thumb/v7-m/nofp\libc_nano.a(lib_a-mlock.o)
 .ARM.attributes
                0x000000000000067c       0x2d c:/st/stm32cubeide_1.10.1/stm32cubeide/plugins/com.st.stm32cube.ide.mcu.externaltools.gnu-tools-for-stm32.10.3-2021.10.win32_1.0.0.202111181127/tools/bin/../lib/gcc/arm-none-eabi/10.3.1/../../../../arm-none-eabi/lib/thumb/v7-m/nofp\libc_nano.a(lib_a-nano-msizer.o)
 .ARM.attributes
                0x00000000000006a9       0x2d c:/st/stm32cubeide_1.10.1/stm32cubeide/plugins/com.st.stm32cube.ide.mcu.externaltools.gnu-tools-for-stm32.10.3-2021.10.win32_1.0.0.202111181127/tools/bin/../lib/gcc/arm-none-eabi/10.3.1/../../../../arm-none-eabi/lib/thumb/v7-m/nofp\libc_nano.a(lib_a-reent.o)
 .ARM.attributes
                0x00000000000006d6       0x2d c:/st/stm32cubeide_1.10.1/stm32cubeide/plugins/com.st.stm32cube.ide.mcu.externaltools.gnu-tools-for-stm32.10.3-2021.10.win32_1.0.0.202111181127/tools/bin/../lib/gcc/arm-none-eabi/10.3.1/../../../../arm-none-eabi/lib/thumb/v7-m/nofp\libc_nano.a(lib_a-lock.o)
 .ARM.attributes
                0x0000000000000703       0x1d c:/st/stm32cubeide_1.10.1/stm32cubeide/plugins/com.st.stm32cube.ide.mcu.externaltools.gnu-tools-for-stm32.10.3-2021.10.win32_1.0.0.202111181127/tools/bin/../lib/gcc/arm-none-eabi/10.3.1/thumb/v7-m/nofp\libgcc.a(_arm_addsubdf3.o)
 .ARM.attributes
                0x0000000000000720       0x1d c:/st/stm32cubeide_1.10.1/stm32cubeide/plugins/com.st.stm32cube.ide.mcu.externaltools.gnu-tools-for-stm32.10.3-2021.10.win32_1.0.0.202111181127/tools/bin/../lib/gcc/arm-none-eabi/10.3.1/thumb/v7-m/nofp\libgcc.a(_arm_addsubsf3.o)
 .ARM.attributes
                0x000000000000073d       0x1d c:/st/stm32cubeide_1.10.1/stm32cubeide/plugins/com.st.stm32cube.ide.mcu.externaltools.gnu-tools-for-stm32.10.3-2021.10.win32_1.0.0.202111181127/tools/bin/../lib/gcc/arm-none-eabi/10.3.1/thumb/v7-m/nofp\libgcc.a(_arm_cmpsf2.o)
 .ARM.attributes
                0x000000000000075a       0x1d c:/st/stm32cubeide_1.10.1/stm32cubeide/plugins/com.st.stm32cube.ide.mcu.externaltools.gnu-tools-for-stm32.10.3-2021.10.win32_1.0.0.202111181127/tools/bin/../lib/gcc/arm-none-eabi/10.3.1/thumb/v7-m/nofp/crtn.o
OUTPUT(Digital_Clock.elf elf32-littlearm)
LOAD linker stubs
LOAD c:/st/stm32cubeide_1.10.1/stm32cubeide/plugins/com.st.stm32cube.ide.mcu.externaltools.gnu-tools-for-stm32.10.3-2021.10.win32_1.0.0.202111181127/tools/bin/../lib/gcc/arm-none-eabi/10.3.1/../../../../arm-none-eabi/lib/thumb/v7-m/nofp\libc.a
LOAD c:/st/stm32cubeide_1.10.1/stm32cubeide/plugins/com.st.stm32cube.ide.mcu.externaltools.gnu-tools-for-stm32.10.3-2021.10.win32_1.0.0.202111181127/tools/bin/../lib/gcc/arm-none-eabi/10.3.1/../../../../arm-none-eabi/lib/thumb/v7-m/nofp\libm.a
LOAD c:/st/stm32cubeide_1.10.1/stm32cubeide/plugins/com.st.stm32cube.ide.mcu.externaltools.gnu-tools-for-stm32.10.3-2021.10.win32_1.0.0.202111181127/tools/bin/../lib/gcc/arm-none-eabi/10.3.1/thumb/v7-m/nofp\libgcc.a

.debug_info     0x0000000000000000     0xcab1
 .debug_info    0x0000000000000000      0x26d ./Core/Src/Alarm.o
 .debug_info    0x000000000000026d      0x514 ./Core/Src/DHT11_library.o
 .debug_info    0x0000000000000781      0x6f0 ./Core/Src/Delay_us.o
 .debug_info    0x0000000000000e71      0x51f ./Core/Src/LCD_1602.o
 .debug_info    0x0000000000001390      0x4c1 ./Core/Src/Main_menu.o
 .debug_info    0x0000000000001851      0x87e ./Core/Src/RTC_library.o
 .debug_info    0x00000000000020cf      0x315 ./Core/Src/Rotary_encoder.o
 .debug_info    0x00000000000023e4      0xe88 ./Core/Src/main.o
 .debug_info    0x000000000000326c      0xc65 ./Core/Src/stm32f1xx_hal_msp.o
 .debug_info    0x0000000000003ed1      0x122 ./Core/Src/stm32f1xx_it.o
 .debug_info    0x0000000000003ff3      0x171 ./Core/Src/sysmem.o
 .debug_info    0x0000000000004164      0x23d ./Core/Src/system_stm32f1xx.o
 .debug_info    0x00000000000043a1       0x22 ./Core/Startup/startup_stm32f103c8tx.o
 .debug_info    0x00000000000043c3      0x734 ./Drivers/STM32F1xx_HAL_Driver/Src/stm32f1xx_hal.o
 .debug_info    0x0000000000004af7      0xb20 ./Drivers/STM32F1xx_HAL_Driver/Src/stm32f1xx_hal_cortex.o
 .debug_info    0x0000000000005617      0x615 ./Drivers/STM32F1xx_HAL_Driver/Src/stm32f1xx_hal_gpio.o
 .debug_info    0x0000000000005c2c     0x2734 ./Drivers/STM32F1xx_HAL_Driver/Src/stm32f1xx_hal_i2c.o
 .debug_info    0x0000000000008360      0x860 ./Drivers/STM32F1xx_HAL_Driver/Src/stm32f1xx_hal_rcc.o
 .debug_info    0x0000000000008bc0     0x29de ./Drivers/STM32F1xx_HAL_Driver/Src/stm32f1xx_hal_tim.o
 .debug_info    0x000000000000b59e     0x1513 ./Drivers/STM32F1xx_HAL_Driver/Src/stm32f1xx_hal_tim_ex.o

.debug_abbrev   0x0000000000000000     0x2329
 .debug_abbrev  0x0000000000000000      0x111 ./Core/Src/Alarm.o
 .debug_abbrev  0x0000000000000111      0x219 ./Core/Src/DHT11_library.o
 .debug_abbrev  0x000000000000032a      0x1a0 ./Core/Src/Delay_us.o
 .debug_abbrev  0x00000000000004ca      0x1e8 ./Core/Src/LCD_1602.o
 .debug_abbrev  0x00000000000006b2      0x16f ./Core/Src/Main_menu.o
 .debug_abbrev  0x0000000000000821      0x23e ./Core/Src/RTC_library.o
 .debug_abbrev  0x0000000000000a5f      0x185 ./Core/Src/Rotary_encoder.o
 .debug_abbrev  0x0000000000000be4      0x271 ./Core/Src/main.o
 .debug_abbrev  0x0000000000000e55      0x1c3 ./Core/Src/stm32f1xx_hal_msp.o
 .debug_abbrev  0x0000000000001018       0x74 ./Core/Src/stm32f1xx_it.o
 .debug_abbrev  0x000000000000108c       0xbb ./Core/Src/sysmem.o
 .debug_abbrev  0x0000000000001147      0x13b ./Core/Src/system_stm32f1xx.o
 .debug_abbrev  0x0000000000001282       0x12 ./Core/Startup/startup_stm32f103c8tx.o
 .debug_abbrev  0x0000000000001294      0x1fb ./Drivers/STM32F1xx_HAL_Driver/Src/stm32f1xx_hal.o
 .debug_abbrev  0x000000000000148f      0x2ed ./Drivers/STM32F1xx_HAL_Driver/Src/stm32f1xx_hal_cortex.o
 .debug_abbrev  0x000000000000177c      0x1bb ./Drivers/STM32F1xx_HAL_Driver/Src/stm32f1xx_hal_gpio.o
 .debug_abbrev  0x0000000000001937      0x288 ./Drivers/STM32F1xx_HAL_Driver/Src/stm32f1xx_hal_i2c.o
 .debug_abbrev  0x0000000000001bbf      0x2a8 ./Drivers/STM32F1xx_HAL_Driver/Src/stm32f1xx_hal_rcc.o
 .debug_abbrev  0x0000000000001e67      0x25d ./Drivers/STM32F1xx_HAL_Driver/Src/stm32f1xx_hal_tim.o
 .debug_abbrev  0x00000000000020c4      0x265 ./Drivers/STM32F1xx_HAL_Driver/Src/stm32f1xx_hal_tim_ex.o

.debug_aranges  0x0000000000000000      0xe20
 .debug_aranges
                0x0000000000000000       0x48 ./Core/Src/Alarm.o
 .debug_aranges
                0x0000000000000048       0x58 ./Core/Src/DHT11_library.o
 .debug_aranges
                0x00000000000000a0       0x28 ./Core/Src/Delay_us.o
 .debug_aranges
                0x00000000000000c8       0x70 ./Core/Src/LCD_1602.o
 .debug_aranges
                0x0000000000000138       0x70 ./Core/Src/Main_menu.o
 .debug_aranges
                0x00000000000001a8       0x40 ./Core/Src/RTC_library.o
 .debug_aranges
                0x00000000000001e8       0x40 ./Core/Src/Rotary_encoder.o
 .debug_aranges
                0x0000000000000228       0x48 ./Core/Src/main.o
 .debug_aranges
                0x0000000000000270       0x40 ./Core/Src/stm32f1xx_hal_msp.o
 .debug_aranges
                0x00000000000002b0       0x60 ./Core/Src/stm32f1xx_it.o
 .debug_aranges
                0x0000000000000310       0x20 ./Core/Src/sysmem.o
 .debug_aranges
                0x0000000000000330       0x28 ./Core/Src/system_stm32f1xx.o
 .debug_aranges
                0x0000000000000358       0x28 ./Core/Startup/startup_stm32f103c8tx.o
 .debug_aranges
                0x0000000000000380       0xe0 ./Drivers/STM32F1xx_HAL_Driver/Src/stm32f1xx_hal.o
 .debug_aranges
                0x0000000000000460      0x100 ./Drivers/STM32F1xx_HAL_Driver/Src/stm32f1xx_hal_cortex.o
 .debug_aranges
                0x0000000000000560       0x58 ./Drivers/STM32F1xx_HAL_Driver/Src/stm32f1xx_hal_gpio.o
 .debug_aranges
                0x00000000000005b8      0x2a0 ./Drivers/STM32F1xx_HAL_Driver/Src/stm32f1xx_hal_i2c.o
 .debug_aranges
                0x0000000000000858       0x90 ./Drivers/STM32F1xx_HAL_Driver/Src/stm32f1xx_hal_rcc.o
 .debug_aranges
                0x00000000000008e8      0x3d0 ./Drivers/STM32F1xx_HAL_Driver/Src/stm32f1xx_hal_tim.o
 .debug_aranges
                0x0000000000000cb8      0x168 ./Drivers/STM32F1xx_HAL_Driver/Src/stm32f1xx_hal_tim_ex.o

.debug_ranges   0x0000000000000000      0xd10
 .debug_ranges  0x0000000000000000       0x38 ./Core/Src/Alarm.o
 .debug_ranges  0x0000000000000038       0x48 ./Core/Src/DHT11_library.o
 .debug_ranges  0x0000000000000080       0x18 ./Core/Src/Delay_us.o
 .debug_ranges  0x0000000000000098       0x60 ./Core/Src/LCD_1602.o
 .debug_ranges  0x00000000000000f8       0x60 ./Core/Src/Main_menu.o
 .debug_ranges  0x0000000000000158       0x30 ./Core/Src/RTC_library.o
 .debug_ranges  0x0000000000000188       0x30 ./Core/Src/Rotary_encoder.o
 .debug_ranges  0x00000000000001b8       0x38 ./Core/Src/main.o
 .debug_ranges  0x00000000000001f0       0x30 ./Core/Src/stm32f1xx_hal_msp.o
 .debug_ranges  0x0000000000000220       0x50 ./Core/Src/stm32f1xx_it.o
 .debug_ranges  0x0000000000000270       0x10 ./Core/Src/sysmem.o
 .debug_ranges  0x0000000000000280       0x18 ./Core/Src/system_stm32f1xx.o
 .debug_ranges  0x0000000000000298       0x20 ./Core/Startup/startup_stm32f103c8tx.o
 .debug_ranges  0x00000000000002b8       0xd0 ./Drivers/STM32F1xx_HAL_Driver/Src/stm32f1xx_hal.o
 .debug_ranges  0x0000000000000388       0xf0 ./Drivers/STM32F1xx_HAL_Driver/Src/stm32f1xx_hal_cortex.o
 .debug_ranges  0x0000000000000478       0x48 ./Drivers/STM32F1xx_HAL_Driver/Src/stm32f1xx_hal_gpio.o
 .debug_ranges  0x00000000000004c0      0x2b8 ./Drivers/STM32F1xx_HAL_Driver/Src/stm32f1xx_hal_i2c.o
 .debug_ranges  0x0000000000000778       0x80 ./Drivers/STM32F1xx_HAL_Driver/Src/stm32f1xx_hal_rcc.o
 .debug_ranges  0x00000000000007f8      0x3c0 ./Drivers/STM32F1xx_HAL_Driver/Src/stm32f1xx_hal_tim.o
 .debug_ranges  0x0000000000000bb8      0x158 ./Drivers/STM32F1xx_HAL_Driver/Src/stm32f1xx_hal_tim_ex.o

.debug_macro    0x0000000000000000    0x192b2
 .debug_macro   0x0000000000000000      0x363 ./Core/Src/Alarm.o
 .debug_macro   0x0000000000000363      0xa6c ./Core/Src/Alarm.o
 .debug_macro   0x0000000000000dcf       0x22 ./Core/Src/Alarm.o
 .debug_macro   0x0000000000000df1       0x4c ./Core/Src/Alarm.o
 .debug_macro   0x0000000000000e3d       0x18 ./Core/Src/Alarm.o
 .debug_macro   0x0000000000000e55       0x94 ./Core/Src/Alarm.o
 .debug_macro   0x0000000000000ee9       0x3c ./Core/Src/Alarm.o
 .debug_macro   0x0000000000000f25       0x34 ./Core/Src/Alarm.o
 .debug_macro   0x0000000000000f59       0x16 ./Core/Src/Alarm.o
 .debug_macro   0x0000000000000f6f       0x57 ./Core/Src/Alarm.o
 .debug_macro   0x0000000000000fc6       0x97 ./Core/Src/Alarm.o
 .debug_macro   0x000000000000105d      0x341 ./Core/Src/Alarm.o
 .debug_macro   0x000000000000139e       0xfd ./Core/Src/Alarm.o
 .debug_macro   0x000000000000149b       0x10 ./Core/Src/Alarm.o
 .debug_macro   0x00000000000014ab       0x16 ./Core/Src/Alarm.o
 .debug_macro   0x00000000000014c1       0x43 ./Core/Src/Alarm.o
 .debug_macro   0x0000000000001504       0x34 ./Core/Src/Alarm.o
 .debug_macro   0x0000000000001538       0x10 ./Core/Src/Alarm.o
 .debug_macro   0x0000000000001548       0x58 ./Core/Src/Alarm.o
 .debug_macro   0x00000000000015a0       0x71 ./Core/Src/Alarm.o
 .debug_macro   0x0000000000001611       0x1c ./Core/Src/Alarm.o
 .debug_macro   0x000000000000162d      0x12a ./Core/Src/Alarm.o
 .debug_macro   0x0000000000001757       0x10 ./Core/Src/Alarm.o
 .debug_macro   0x0000000000001767       0x6a ./Core/Src/Alarm.o
 .debug_macro   0x00000000000017d1       0x1c ./Core/Src/Alarm.o
 .debug_macro   0x00000000000017ed       0x52 ./Core/Src/Alarm.o
 .debug_macro   0x000000000000183f       0x22 ./Core/Src/Alarm.o
 .debug_macro   0x0000000000001861       0x10 ./Core/Src/Alarm.o
 .debug_macro   0x0000000000001871       0x52 ./Core/Src/Alarm.o
 .debug_macro   0x00000000000018c3       0xd5 ./Core/Src/Alarm.o
 .debug_macro   0x0000000000001998       0x1c ./Core/Src/Alarm.o
 .debug_macro   0x00000000000019b4       0x3d ./Core/Src/Alarm.o
 .debug_macro   0x00000000000019f1       0x16 ./Core/Src/Alarm.o
 .debug_macro   0x0000000000001a07      0x145 ./Core/Src/Alarm.o
 .debug_macro   0x0000000000001b4c      0x21b ./Core/Src/Alarm.o
 .debug_macro   0x0000000000001d67       0x2e ./Core/Src/Alarm.o
 .debug_macro   0x0000000000001d95       0x22 ./Core/Src/Alarm.o
 .debug_macro   0x0000000000001db7      0x103 ./Core/Src/Alarm.o
 .debug_macro   0x0000000000001eba      0x1df ./Core/Src/Alarm.o
 .debug_macro   0x0000000000002099       0x1c ./Core/Src/Alarm.o
 .debug_macro   0x00000000000020b5       0x22 ./Core/Src/Alarm.o
 .debug_macro   0x00000000000020d7       0xbd ./Core/Src/Alarm.o
 .debug_macro   0x0000000000002194      0xd23 ./Core/Src/Alarm.o
 .debug_macro   0x0000000000002eb7     0xe09e ./Core/Src/Alarm.o
 .debug_macro   0x0000000000010f55       0x6d ./Core/Src/Alarm.o
 .debug_macro   0x0000000000010fc2     0x3468 ./Core/Src/Alarm.o
 .debug_macro   0x000000000001442a       0x56 ./Core/Src/Alarm.o
 .debug_macro   0x0000000000014480      0x5be ./Core/Src/Alarm.o
 .debug_macro   0x0000000000014a3e      0x289 ./Core/Src/Alarm.o
 .debug_macro   0x0000000000014cc7      0x1cb ./Core/Src/Alarm.o
 .debug_macro   0x0000000000014e92      0x114 ./Core/Src/Alarm.o
 .debug_macro   0x0000000000014fa6      0x1b2 ./Core/Src/Alarm.o
 .debug_macro   0x0000000000015158       0x27 ./Core/Src/Alarm.o
 .debug_macro   0x000000000001517f      0x136 ./Core/Src/Alarm.o
 .debug_macro   0x00000000000152b5      0x1bc ./Core/Src/Alarm.o
 .debug_macro   0x0000000000015471       0x34 ./Core/Src/Alarm.o
 .debug_macro   0x00000000000154a5       0x3c ./Core/Src/Alarm.o
 .debug_macro   0x00000000000154e1       0x57 ./Core/Src/Alarm.o
 .debug_macro   0x0000000000015538       0x88 ./Core/Src/Alarm.o
 .debug_macro   0x00000000000155c0      0x241 ./Core/Src/Alarm.o
 .debug_macro   0x0000000000015801      0x287 ./Core/Src/Alarm.o
 .debug_macro   0x0000000000015a88      0x141 ./Core/Src/Alarm.o
 .debug_macro   0x0000000000015bc9      0x8d1 ./Core/Src/Alarm.o
 .debug_macro   0x000000000001649a       0x83 ./Core/Src/Alarm.o
 .debug_macro   0x000000000001651d       0x16 ./Core/Src/Alarm.o
 .debug_macro   0x0000000000016533       0x35 ./Core/Src/Alarm.o
 .debug_macro   0x0000000000016568       0x20 ./Core/Src/Alarm.o
 .debug_macro   0x0000000000016588       0xd6 ./Core/Src/Alarm.o
 .debug_macro   0x000000000001665e      0x36e ./Core/Src/DHT11_library.o
 .debug_macro   0x00000000000169cc       0x8e ./Core/Src/DHT11_library.o
 .debug_macro   0x0000000000016a5a       0x51 ./Core/Src/DHT11_library.o
 .debug_macro   0x0000000000016aab      0x174 ./Core/Src/DHT11_library.o
 .debug_macro   0x0000000000016c1f       0x5c ./Core/Src/DHT11_library.o
 .debug_macro   0x0000000000016c7b       0x10 ./Core/Src/DHT11_library.o
 .debug_macro   0x0000000000016c8b       0x52 ./Core/Src/DHT11_library.o
 .debug_macro   0x0000000000016cdd      0x1ad ./Core/Src/Delay_us.o
 .debug_macro   0x0000000000016e8a      0x341 ./Core/Src/LCD_1602.o
 .debug_macro   0x00000000000171cb       0x10 ./Core/Src/LCD_1602.o
 .debug_macro   0x00000000000171db       0x1c ./Core/Src/LCD_1602.o
 .debug_macro   0x00000000000171f7      0x382 ./Core/Src/Main_menu.o
 .debug_macro   0x0000000000017579      0x355 ./Core/Src/RTC_library.o
 .debug_macro   0x00000000000178ce      0x28a ./Core/Src/Rotary_encoder.o
 .debug_macro   0x0000000000017b58      0x2bb ./Core/Src/main.o
 .debug_macro   0x0000000000017e13      0x1ad ./Core/Src/stm32f1xx_hal_msp.o
 .debug_macro   0x0000000000017fc0      0x1b7 ./Core/Src/stm32f1xx_it.o
 .debug_macro   0x0000000000018177       0xff ./Core/Src/sysmem.o
 .debug_macro   0x0000000000018276      0x23b ./Core/Src/sysmem.o
 .debug_macro   0x00000000000184b1      0x1a3 ./Core/Src/system_stm32f1xx.o
 .debug_macro   0x0000000000018654      0x1c7 ./Drivers/STM32F1xx_HAL_Driver/Src/stm32f1xx_hal.o
 .debug_macro   0x000000000001881b      0x1a3 ./Drivers/STM32F1xx_HAL_Driver/Src/stm32f1xx_hal_cortex.o
 .debug_macro   0x00000000000189be      0x20e ./Drivers/STM32F1xx_HAL_Driver/Src/stm32f1xx_hal_gpio.o
 .debug_macro   0x0000000000018bcc      0x1ea ./Drivers/STM32F1xx_HAL_Driver/Src/stm32f1xx_hal_i2c.o
 .debug_macro   0x0000000000018db6      0x1b5 ./Drivers/STM32F1xx_HAL_Driver/Src/stm32f1xx_hal_rcc.o
 .debug_macro   0x0000000000018f6b      0x1a4 ./Drivers/STM32F1xx_HAL_Driver/Src/stm32f1xx_hal_tim.o
 .debug_macro   0x000000000001910f      0x1a3 ./Drivers/STM32F1xx_HAL_Driver/Src/stm32f1xx_hal_tim_ex.o

.debug_line     0x0000000000000000    0x11a7c
 .debug_line    0x0000000000000000      0xaae ./Core/Src/Alarm.o
 .debug_line    0x0000000000000aae      0xa40 ./Core/Src/DHT11_library.o
 .debug_line    0x00000000000014ee      0x6c1 ./Core/Src/Delay_us.o
 .debug_line    0x0000000000001baf      0xa67 ./Core/Src/LCD_1602.o
 .debug_line    0x0000000000002616      0xbc1 ./Core/Src/Main_menu.o
 .debug_line    0x00000000000031d7      0x98e ./Core/Src/RTC_library.o
 .debug_line    0x0000000000003b65      0xb1c ./Core/Src/Rotary_encoder.o
 .debug_line    0x0000000000004681      0x95c ./Core/Src/main.o
 .debug_line    0x0000000000004fdd      0x6f3 ./Core/Src/stm32f1xx_hal_msp.o
 .debug_line    0x00000000000056d0      0x733 ./Core/Src/stm32f1xx_it.o
 .debug_line    0x0000000000005e03      0x4ea ./Core/Src/sysmem.o
 .debug_line    0x00000000000062ed      0x6ef ./Core/Src/system_stm32f1xx.o
 .debug_line    0x00000000000069dc       0x87 ./Core/Startup/startup_stm32f103c8tx.o
 .debug_line    0x0000000000006a63      0x91c ./Drivers/STM32F1xx_HAL_Driver/Src/stm32f1xx_hal.o
 .debug_line    0x000000000000737f      0xb04 ./Drivers/STM32F1xx_HAL_Driver/Src/stm32f1xx_hal_cortex.o
 .debug_line    0x0000000000007e83      0x9b3 ./Drivers/STM32F1xx_HAL_Driver/Src/stm32f1xx_hal_gpio.o
 .debug_line    0x0000000000008836     0x3a06 ./Drivers/STM32F1xx_HAL_Driver/Src/stm32f1xx_hal_i2c.o
 .debug_line    0x000000000000c23c      0xd2a ./Drivers/STM32F1xx_HAL_Driver/Src/stm32f1xx_hal_rcc.o
 .debug_line    0x000000000000cf66     0x32d2 ./Drivers/STM32F1xx_HAL_Driver/Src/stm32f1xx_hal_tim.o
 .debug_line    0x0000000000010238     0x1844 ./Drivers/STM32F1xx_HAL_Driver/Src/stm32f1xx_hal_tim_ex.o

.debug_str      0x0000000000000000    0x8aeaa
 .debug_str     0x0000000000000000    0x86d61 ./Core/Src/Alarm.o
                                      0x870a4 (size before relaxing)
 .debug_str     0x0000000000086d61      0x232 ./Core/Src/DHT11_library.o
                                      0x871be (size before relaxing)
 .debug_str     0x0000000000086f93      0x480 ./Core/Src/Delay_us.o
                                      0x8345c (size before relaxing)
 .debug_str     0x0000000000087413       0xe1 ./Core/Src/LCD_1602.o
                                      0x87124 (size before relaxing)
 .debug_str     0x00000000000874f4       0xf1 ./Core/Src/Main_menu.o
                                      0x87263 (size before relaxing)
 .debug_str     0x00000000000875e5      0x32b ./Core/Src/RTC_library.o
                                      0x87548 (size before relaxing)
 .debug_str     0x0000000000087910       0x99 ./Core/Src/Rotary_encoder.o
                                      0x86120 (size before relaxing)
 .debug_str     0x00000000000879a9      0x2a9 ./Core/Src/main.o
                                      0x86b3a (size before relaxing)
 .debug_str     0x0000000000087c52       0xc7 ./Core/Src/stm32f1xx_hal_msp.o
                                      0x837b8 (size before relaxing)
 .debug_str     0x0000000000087d19       0xc9 ./Core/Src/stm32f1xx_it.o
                                      0x82fb6 (size before relaxing)
 .debug_str     0x0000000000087de2      0x4da ./Core/Src/sysmem.o
                                       0x5d39 (size before relaxing)
 .debug_str     0x00000000000882bc       0x7e ./Core/Src/system_stm32f1xx.o
                                      0x82fcc (size before relaxing)
 .debug_str     0x000000000008833a       0x36 ./Core/Startup/startup_stm32f103c8tx.o
                                         0x53 (size before relaxing)
 .debug_str     0x0000000000088370      0x5fb ./Drivers/STM32F1xx_HAL_Driver/Src/stm32f1xx_hal.o
                                      0x836ff (size before relaxing)
 .debug_str     0x000000000008896b      0x2bb ./Drivers/STM32F1xx_HAL_Driver/Src/stm32f1xx_hal_cortex.o
                                      0x8364b (size before relaxing)
 .debug_str     0x0000000000088c26      0x2c6 ./Drivers/STM32F1xx_HAL_Driver/Src/stm32f1xx_hal_gpio.o
                                      0x83352 (size before relaxing)
 .debug_str     0x0000000000088eec      0xb53 ./Drivers/STM32F1xx_HAL_Driver/Src/stm32f1xx_hal_i2c.o
                                      0x84040 (size before relaxing)
 .debug_str     0x0000000000089a3f      0x209 ./Drivers/STM32F1xx_HAL_Driver/Src/stm32f1xx_hal_rcc.o
                                      0x833fb (size before relaxing)
 .debug_str     0x0000000000089c48      0xdcf ./Drivers/STM32F1xx_HAL_Driver/Src/stm32f1xx_hal_tim.o
                                      0x843e6 (size before relaxing)
 .debug_str     0x000000000008aa17      0x493 ./Drivers/STM32F1xx_HAL_Driver/Src/stm32f1xx_hal_tim_ex.o
                                      0x83c02 (size before relaxing)

.comment        0x0000000000000000       0x50
 .comment       0x0000000000000000       0x50 ./Core/Src/Alarm.o
                                         0x51 (size before relaxing)
 .comment       0x0000000000000050       0x51 ./Core/Src/DHT11_library.o
 .comment       0x0000000000000050       0x51 ./Core/Src/Delay_us.o
 .comment       0x0000000000000050       0x51 ./Core/Src/LCD_1602.o
 .comment       0x0000000000000050       0x51 ./Core/Src/Main_menu.o
 .comment       0x0000000000000050       0x51 ./Core/Src/RTC_library.o
 .comment       0x0000000000000050       0x51 ./Core/Src/Rotary_encoder.o
 .comment       0x0000000000000050       0x51 ./Core/Src/main.o
 .comment       0x0000000000000050       0x51 ./Core/Src/stm32f1xx_hal_msp.o
 .comment       0x0000000000000050       0x51 ./Core/Src/stm32f1xx_it.o
 .comment       0x0000000000000050       0x51 ./Core/Src/sysmem.o
 .comment       0x0000000000000050       0x51 ./Core/Src/system_stm32f1xx.o
 .comment       0x0000000000000050       0x51 ./Drivers/STM32F1xx_HAL_Driver/Src/stm32f1xx_hal.o
 .comment       0x0000000000000050       0x51 ./Drivers/STM32F1xx_HAL_Driver/Src/stm32f1xx_hal_cortex.o
 .comment       0x0000000000000050       0x51 ./Drivers/STM32F1xx_HAL_Driver/Src/stm32f1xx_hal_gpio.o
 .comment       0x0000000000000050       0x51 ./Drivers/STM32F1xx_HAL_Driver/Src/stm32f1xx_hal_i2c.o
 .comment       0x0000000000000050       0x51 ./Drivers/STM32F1xx_HAL_Driver/Src/stm32f1xx_hal_rcc.o
 .comment       0x0000000000000050       0x51 ./Drivers/STM32F1xx_HAL_Driver/Src/stm32f1xx_hal_tim.o
 .comment       0x0000000000000050       0x51 ./Drivers/STM32F1xx_HAL_Driver/Src/stm32f1xx_hal_tim_ex.o

.debug_frame    0x0000000000000000     0x3f00
 .debug_frame   0x0000000000000000       0xb8 ./Core/Src/Alarm.o
 .debug_frame   0x00000000000000b8      0x120 ./Core/Src/DHT11_library.o
 .debug_frame   0x00000000000001d8       0x58 ./Core/Src/Delay_us.o
 .debug_frame   0x0000000000000230      0x190 ./Core/Src/LCD_1602.o
 .debug_frame   0x00000000000003c0      0x144 ./Core/Src/Main_menu.o
 .debug_frame   0x0000000000000504       0xd4 ./Core/Src/RTC_library.o
 .debug_frame   0x00000000000005d8       0xa4 ./Core/Src/Rotary_encoder.o
 .debug_frame   0x000000000000067c       0xcc ./Core/Src/main.o
 .debug_frame   0x0000000000000748       0xd0 ./Core/Src/stm32f1xx_hal_msp.o
 .debug_frame   0x0000000000000818      0x104 ./Core/Src/stm32f1xx_it.o
 .debug_frame   0x000000000000091c       0x34 ./Core/Src/sysmem.o
 .debug_frame   0x0000000000000950       0x58 ./Core/Src/system_stm32f1xx.o
 .debug_frame   0x00000000000009a8      0x334 ./Drivers/STM32F1xx_HAL_Driver/Src/stm32f1xx_hal.o
 .debug_frame   0x0000000000000cdc      0x428 ./Drivers/STM32F1xx_HAL_Driver/Src/stm32f1xx_hal_cortex.o
 .debug_frame   0x0000000000001104      0x14c ./Drivers/STM32F1xx_HAL_Driver/Src/stm32f1xx_hal_gpio.o
 .debug_frame   0x0000000000001250      0xc5c ./Drivers/STM32F1xx_HAL_Driver/Src/stm32f1xx_hal_i2c.o
 .debug_frame   0x0000000000001eac      0x21c ./Drivers/STM32F1xx_HAL_Driver/Src/stm32f1xx_hal_rcc.o
 .debug_frame   0x00000000000020c8     0x11b8 ./Drivers/STM32F1xx_HAL_Driver/Src/stm32f1xx_hal_tim.o
 .debug_frame   0x0000000000003280      0x638 ./Drivers/STM32F1xx_HAL_Driver/Src/stm32f1xx_hal_tim_ex.o
 .debug_frame   0x00000000000038b8       0x20 c:/st/stm32cubeide_1.10.1/stm32cubeide/plugins/com.st.stm32cube.ide.mcu.externaltools.gnu-tools-for-stm32.10.3-2021.10.win32_1.0.0.202111181127/tools/bin/../lib/gcc/arm-none-eabi/10.3.1/../../../../arm-none-eabi/lib/thumb/v7-m/nofp\libc_nano.a(lib_a-errno.o)
 .debug_frame   0x00000000000038d8       0x2c c:/st/stm32cubeide_1.10.1/stm32cubeide/plugins/com.st.stm32cube.ide.mcu.externaltools.gnu-tools-for-stm32.10.3-2021.10.win32_1.0.0.202111181127/tools/bin/../lib/gcc/arm-none-eabi/10.3.1/../../../../arm-none-eabi/lib/thumb/v7-m/nofp\libc_nano.a(lib_a-init.o)
 .debug_frame   0x0000000000003904       0x20 c:/st/stm32cubeide_1.10.1/stm32cubeide/plugins/com.st.stm32cube.ide.mcu.externaltools.gnu-tools-for-stm32.10.3-2021.10.win32_1.0.0.202111181127/tools/bin/../lib/gcc/arm-none-eabi/10.3.1/../../../../arm-none-eabi/lib/thumb/v7-m/nofp\libc_nano.a(lib_a-memset.o)
 .debug_frame   0x0000000000003924       0x6c c:/st/stm32cubeide_1.10.1/stm32cubeide/plugins/com.st.stm32cube.ide.mcu.externaltools.gnu-tools-for-stm32.10.3-2021.10.win32_1.0.0.202111181127/tools/bin/../lib/gcc/arm-none-eabi/10.3.1/../../../../arm-none-eabi/lib/thumb/v7-m/nofp\libc_nano.a(lib_a-sprintf.o)
 .debug_frame   0x0000000000003990       0x90 c:/st/stm32cubeide_1.10.1/stm32cubeide/plugins/com.st.stm32cube.ide.mcu.externaltools.gnu-tools-for-stm32.10.3-2021.10.win32_1.0.0.202111181127/tools/bin/../lib/gcc/arm-none-eabi/10.3.1/../../../../arm-none-eabi/lib/thumb/v7-m/nofp\libc_nano.a(lib_a-nano-svfprintf.o)
 .debug_frame   0x0000000000003a20       0x60 c:/st/stm32cubeide_1.10.1/stm32cubeide/plugins/com.st.stm32cube.ide.mcu.externaltools.gnu-tools-for-stm32.10.3-2021.10.win32_1.0.0.202111181127/tools/bin/../lib/gcc/arm-none-eabi/10.3.1/../../../../arm-none-eabi/lib/thumb/v7-m/nofp\libc_nano.a(lib_a-nano-vfprintf_i.o)
 .debug_frame   0x0000000000003a80       0x28 c:/st/stm32cubeide_1.10.1/stm32cubeide/plugins/com.st.stm32cube.ide.mcu.externaltools.gnu-tools-for-stm32.10.3-2021.10.win32_1.0.0.202111181127/tools/bin/../lib/gcc/arm-none-eabi/10.3.1/../../../../arm-none-eabi/lib/thumb/v7-m/nofp\libc_nano.a(lib_a-memchr-stub.o)
 .debug_frame   0x0000000000003aa8       0x28 c:/st/stm32cubeide_1.10.1/stm32cubeide/plugins/com.st.stm32cube.ide.mcu.externaltools.gnu-tools-for-stm32.10.3-2021.10.win32_1.0.0.202111181127/tools/bin/../lib/gcc/arm-none-eabi/10.3.1/../../../../arm-none-eabi/lib/thumb/v7-m/nofp\libc_nano.a(lib_a-memcpy-stub.o)
 .debug_frame   0x0000000000003ad0       0x28 c:/st/stm32cubeide_1.10.1/stm32cubeide/plugins/com.st.stm32cube.ide.mcu.externaltools.gnu-tools-for-stm32.10.3-2021.10.win32_1.0.0.202111181127/tools/bin/../lib/gcc/arm-none-eabi/10.3.1/../../../../arm-none-eabi/lib/thumb/v7-m/nofp\libc_nano.a(lib_a-memmove.o)
 .debug_frame   0x0000000000003af8       0x38 c:/st/stm32cubeide_1.10.1/stm32cubeide/plugins/com.st.stm32cube.ide.mcu.externaltools.gnu-tools-for-stm32.10.3-2021.10.win32_1.0.0.202111181127/tools/bin/../lib/gcc/arm-none-eabi/10.3.1/../../../../arm-none-eabi/lib/thumb/v7-m/nofp\libc_nano.a(lib_a-nano-freer.o)
 .debug_frame   0x0000000000003b30       0x4c c:/st/stm32cubeide_1.10.1/stm32cubeide/plugins/com.st.stm32cube.ide.mcu.externaltools.gnu-tools-for-stm32.10.3-2021.10.win32_1.0.0.202111181127/tools/bin/../lib/gcc/arm-none-eabi/10.3.1/../../../../arm-none-eabi/lib/thumb/v7-m/nofp\libc_nano.a(lib_a-nano-mallocr.o)
 .debug_frame   0x0000000000003b7c       0x3c c:/st/stm32cubeide_1.10.1/stm32cubeide/plugins/com.st.stm32cube.ide.mcu.externaltools.gnu-tools-for-stm32.10.3-2021.10.win32_1.0.0.202111181127/tools/bin/../lib/gcc/arm-none-eabi/10.3.1/../../../../arm-none-eabi/lib/thumb/v7-m/nofp\libc_nano.a(lib_a-nano-reallocr.o)
 .debug_frame   0x0000000000003bb8       0x2c c:/st/stm32cubeide_1.10.1/stm32cubeide/plugins/com.st.stm32cube.ide.mcu.externaltools.gnu-tools-for-stm32.10.3-2021.10.win32_1.0.0.202111181127/tools/bin/../lib/gcc/arm-none-eabi/10.3.1/../../../../arm-none-eabi/lib/thumb/v7-m/nofp\libc_nano.a(lib_a-sbrkr.o)
 .debug_frame   0x0000000000003be4       0x30 c:/st/stm32cubeide_1.10.1/stm32cubeide/plugins/com.st.stm32cube.ide.mcu.externaltools.gnu-tools-for-stm32.10.3-2021.10.win32_1.0.0.202111181127/tools/bin/../lib/gcc/arm-none-eabi/10.3.1/../../../../arm-none-eabi/lib/thumb/v7-m/nofp\libc_nano.a(lib_a-mlock.o)
 .debug_frame   0x0000000000003c14       0x20 c:/st/stm32cubeide_1.10.1/stm32cubeide/plugins/com.st.stm32cube.ide.mcu.externaltools.gnu-tools-for-stm32.10.3-2021.10.win32_1.0.0.202111181127/tools/bin/../lib/gcc/arm-none-eabi/10.3.1/../../../../arm-none-eabi/lib/thumb/v7-m/nofp\libc_nano.a(lib_a-nano-msizer.o)
 .debug_frame   0x0000000000003c34       0x5c c:/st/stm32cubeide_1.10.1/stm32cubeide/plugins/com.st.stm32cube.ide.mcu.externaltools.gnu-tools-for-stm32.10.3-2021.10.win32_1.0.0.202111181127/tools/bin/../lib/gcc/arm-none-eabi/10.3.1/../../../../arm-none-eabi/lib/thumb/v7-m/nofp\libc_nano.a(lib_a-reent.o)
 .debug_frame   0x0000000000003c90       0xb0 c:/st/stm32cubeide_1.10.1/stm32cubeide/plugins/com.st.stm32cube.ide.mcu.externaltools.gnu-tools-for-stm32.10.3-2021.10.win32_1.0.0.202111181127/tools/bin/../lib/gcc/arm-none-eabi/10.3.1/../../../../arm-none-eabi/lib/thumb/v7-m/nofp\libc_nano.a(lib_a-lock.o)