../Core/Src/LCD_1602.c:17:6:lcd_write	16	static
../Core/Src/LCD_1602.c:30:6:lcd_write_command	16	static
../Core/Src/LCD_1602.c:38:6:lcd_write_data	16	static
../Core/Src/LCD_1602.c:49:6:Lcd_Init	8	static
../Core/Src/LCD_1602.c:60:6:Lcd_write_string	32	static
../Core/Src/LCD_1602.c:68:6:Lcd_clear	8	static
../Core/Src/LCD_1602.c:73:6:lcd_clear_xy	16	static
../Core/Src/LCD_1602.c:79:6:Lcd_put_cur	24	static
../Core/Src/LCD_1602.c:87:6:Lcd_creat_customchar	24	static
../Core/Src/LCD_1602.c:96:6:Lcd_print_customchar	16	static
../Core/Src/LCD_1602.c:107:6:LCD_Configure	40	static
